\APLboxquestion
\APLboxupcaret
\APLnotbackslash
\APLnotslash
\Angstrom
\Barv
\BbbA
\BbbB
\BbbC
\BbbD
\BbbE
\BbbF
\BbbG
\BbbGamma
\BbbH
\BbbI
\BbbJ
\BbbK
\BbbL
\BbbM
\BbbN
\BbbO
\BbbP
\BbbPi
\BbbQ
\BbbR
\BbbS
\BbbT
\BbbU
\BbbV
\BbbW
\BbbX
\BbbY
\BbbZ
\Bbba
\Bbbb
\Bbbc
\Bbbd
\Bbbe
\Bbbeight
\Bbbf
\Bbbfive
\Bbbfour
\Bbbg
\Bbbgamma
\Bbbh
\Bbbi
\Bbbj
\Bbbl
\Bbbm
\Bbbn
\Bbbnine
\Bbbo
\Bbbone
\Bbbp
\Bbbpi
\Bbbq
\Bbbr
\Bbbs
\Bbbseven
\Bbbsix
\Bbbsum
\Bbbt
\Bbbthree
\Bbbtwo
\Bbbu
\Bbbv
\Bbbw
\Bbbx
\Bbby
\Bbbz
\Bbbzero
\Colon
\DDownarrow
\DashV
\DashVDash
\Dashv
\Ddownarrow
\Equiv
\Eulerconst
\Exclam
\Gt
\Hermaphrodite
\LLeftarrow
\Lbrbrak
\Ldsh
\Longmapsfrom
\Longmapsto
\Lparengtr
\Lt
\Lvzigzag
\Mapsfrom
\Mapsto
\Nearrow
\Not
\Nwarrow
\Otimes
\Planckconst
\Prec
\PropertyLine
\QED
\Question
\RRightarrow
\Rbrbrak
\Rdsh
\Rparenless
\Rvzigzag
\Searrow
\Sqcap
\Sqcup
\Succ
\Swarrow
\UUparrow
\Uuparrow
\VDash
\Vbar
\Vee
\Vvert
\Wedge
\Yup
\Zbar
\accurrent
\acidfree
\acwcirclearrow
\acwgapcirclearrow
\acwleftarcarrow
\acwopencirclearrow
\acwoverarcarrow
\acwunderarcarrow
\adots
\ampersand
\angdnr
\angles
\angleubar
\annuity
\approxeqq
\approxident
\arceq
\assert
\asteq
\asteraccent
\astrosun
\atsign
\awint
\bNot
\backcong
\backdprime
\backtrprime
\bagmember
\barV
\barcap
\barcup
\bardownharpoonleft
\bardownharpoonright
\barleftarrow
\barleftarrowrightarrowba
\barleftharpoondown
\barleftharpoonup
\barovernorthwestarrow
\barrightarrowdiamond
\barrightharpoondown
\barrightharpoonup
\baruparrow
\barupharpoonleft
\barupharpoonright
\barvee
\bbrktbrk
\bdtriplevdash
\benzenr
\bigblacktriangledown
\bigblacktriangleup
\bigbot
\bigcupdot
\biginterleave
\bigslopedvee
\bigslopedwedge
\bigsqcap
\bigtalloblong
\bigtop
\bigtriangleleft
\bigwhitestar
\blackcircledownarrow
\blackcircledrightdot
\blackcircledtwodots
\blackcircleulquadwhite
\blackdiamonddownarrow
\blackhourglass
\blackinwhitediamond
\blackinwhitesquare
\blacklefthalfcircle
\blackpointerleft
\blackpointerright
\blackrighthalfcircle
\blacksmiley
\blkhorzoval
\blkvertoval
\blockfull
\blockhalfshaded
\blocklefthalf
\blocklowhalf
\blockqtrshaded
\blockrighthalf
\blockthreeqtrshaded
\blockuphalf
\botsemicircle
\boxast
\boxbar
\boxbox
\boxbslash
\boxcircle
\boxdiag
\boxonbox
\bsimilarleftarrow
\bsimilarrightarrow
\bsolhsub
\btimes
\bullseye
\bumpeqq
\candra
\capbarcup
\capdot
\capovercup
\capwedge
\caretinsert
\carriagereturn
\ccwundercurvearrow
\cirE
\cirbot
\circlebottomhalfblack
\circledbullet
\circledequal
\circledownarrow
\circledparallel
\circledrightdot
\circledstar
\circledtwodots
\circledvert
\circledwhitebullet
\circlehbar
\circlelefthalfblack
\circlellquad
\circlelrquad
\circleonleftarrow
\circleonrightarrow
\circlerighthalfblack
\circletophalfblack
\circleulquad
\circleurquad
\circleurquadblack
\circlevertfill
\cirfnint
\cirmid
\cirscir
\closedvarcap
\closedvarcup
\closedvarcupsmashprod
\closure
\comma
\commaminus
\concavediamond
\concavediamondtickleft
\concavediamondtickright
\congdot
\conictaper
\conjquant
\csub
\csube
\csup
\csupe
\cuberoot
\cupbarcap
\cupdot
\cupleftarrow
\cupovercap
\cupvee
\curvearrowleftplus
\curvearrowrightminus
\cwcirclearrow
\cwgapcirclearrow
\cwopencirclearrow
\cwrightarcarrow
\cwundercurvearrow
\danger
\dashV
\dashVdash
\dashcolon
\dashleftharpoondown
\dashrightharpoondown
\dbkarow
\ddotseq
\diameter
\diamondbotblack
\diamondcdot
\diamondleftarrow
\diamondleftarrowbar
\diamondleftblack
\diamondrightblack
\diamondtopblack
\dicei
\diceii
\diceiii
\diceiv
\dicev
\dicevi
\dingasterisk
\disin
\disjquant
\divslash
\dotequiv
\dotminus
\dotsim
\dotsminusdots
\dottedcircle
\dottedsquare
\dottimes
\doublebarvee
\doubleplus
\downarrowbar
\downarrowbarred
\downdasharrow
\downfishtail
\downharpoonleftbar
\downharpoonrightbar
\downharpoonsleftright
\downrightcurvedarrow
\downtriangleleftblack
\downtrianglerightblack
\downuparrows
\downupharpoonsleftright
\downwhitearrow
\downzigzagarrow
\dprime
\draftingarrow
\drbkarow
\droang
\dsol
\dsub
\dualmap
\egsdot
\eighthnote
\elinters
\elsdot
\emptysetoarr
\emptysetoarrl
\emptysetobar
\emptysetocirc
\enclosecircle
\enclosediamond
\enclosesquare
\enclosetriangle
\enleadertwodots
\eparsl
\eqdef
\eqdot
\eqeq
\eqeqeq
\eqgtr
\eqless
\eqqgtr
\eqqless
\eqqplus
\eqqsim
\eqqslantgtr
\eqqslantless
\equal
\equalleftarrow
\equalparallel
\equalrightarrow
\equivDD
\equivVert
\equivVvert
\eqvparsl
\errbarblackcircle
\errbarblackdiamond
\errbarblacksquare
\errbarcircle
\errbardiamond
\errbarsquare
\euro
\exclam
\fbowtie
\fcmp
\fdiagovnearrow
\fdiagovrdiag
\female
\fint
\fisheye
\fltns
\forks
\forksnot
\forkv
\fourthroot
\fourvdots
\fracslash
\fullouterjoin
\geqqslant
\gescc
\gesdot
\gesdoto
\gesdotol
\gesles
\gggnest
\glE
\gla
\gleichstark
\glj
\greater
\gsime
\gsiml
\gtcc
\gtcir
\gtlpar
\gtquest
\gtrarr
\harrowextender
\hatapprox
\hermitmatrix
\hexagon
\hexagonblack
\hknearrow
\hknwarrow
\hksearow
\hkswarow
\horizbar
\hourglass
\house
\hrectangle
\hrectangleblack
\hyphenbullet
\hzigzag
\iinfin
\imageof
\increment
\intBar
\intbar
\intbottom
\intcap
\intclockwise
\intcup
\interleave
\intextender
\intlarhk
\intprod
\intprodr
\inttop
\intx
\inversebullet
\inversewhitecircle
\invlazys
\invnot
\invwhitelowerhalfcircle
\invwhiteupperhalfcircle
\isinE
\isindot
\isinobar
\isins
\isinvb
\kernelcontraction
\lAngle
\lBrace
\lBrack
\lParen
\langledot
\laplac
\lat
\late
\lbag
\lblkbrbrak
\lbracelend
\lbracemid
\lbraceuend
\lbrackextender
\lbracklend
\lbracklltick
\lbrackubar
\lbrackuend
\lbrackultick
\lbrbrak
\lcurvyangle
\leftarrowapprox
\leftarrowbackapprox
\leftarrowbsimilar
\leftarrowless
\leftarrowonoplus
\leftarrowplus
\leftarrowshortrightarrow
\leftarrowsimilar
\leftarrowsubset
\leftarrowtriangle
\leftarrowx
\leftbkarrow
\leftcurvedarrow
\leftdasharrow
\leftdbkarrow
\leftdbltail
\leftdotarrow
\leftdowncurvedarrow
\leftfishtail
\leftharpoonaccent
\leftharpoondownbar
\leftharpoonsupdown
\leftharpoonupbar
\leftharpoonupdash
\leftmoon
\leftouterjoin
\leftrightarrowcircle
\leftrightarrowtriangle
\leftrightharpoondowndown
\leftrightharpoondownup
\leftrightharpoonsdown
\leftrightharpoonsup
\leftrightharpoonupdown
\leftrightharpoonupup
\leftsquigarrow
\lefttail
\leftthreearrows
\leftwavearrow
\leftwhitearrow
\leqqslant
\lescc
\lesdot
\lesdoto
\lesdotor
\lesges
\less
\lfbowtie
\lftimes
\lgE
\lgblkcircle
\lgblksquare
\lgwhtcircle
\lgwhtsquare
\linefeed
\llangle
\llarc
\llblacktriangle
\lllnest
\llparenthesis
\lltriangle
\longdashv
\longdivision
\longleftsquigarrow
\longmapsfrom
\longrightsquigarrow
\lowint
\lozengeminus
\lparenextender
\lparenlend
\lparenless
\lparenuend
\lrarc
\lrblacktriangle
\lrtriangle
\lrtriangleeq
\lsime
\lsimg
\lsqhook
\ltcc
\ltcir
\ltlarr
\ltquest
\ltrivb
\lvboxline
\lvzigzag
\male
\mapsdown
\mapsfrom
\mapsup
\mathcolon
\mathratio
\mbfA
\mbfAlpha
\mbfB
\mbfBeta
\mbfC
\mbfChi
\mbfD
\mbfDelta
\mbfDigamma
\mbfE
\mbfEpsilon
\mbfEta
\mbfF
\mbfG
\mbfGamma
\mbfH
\mbfI
\mbfIota
\mbfJ
\mbfK
\mbfKappa
\mbfL
\mbfLambda
\mbfM
\mbfMu
\mbfN
\mbfNu
\mbfO
\mbfOmega
\mbfOmicron
\mbfP
\mbfPhi
\mbfPi
\mbfPsi
\mbfQ
\mbfR
\mbfRho
\mbfS
\mbfSigma
\mbfT
\mbfTau
\mbfTheta
\mbfU
\mbfUpsilon
\mbfV
\mbfW
\mbfX
\mbfXi
\mbfY
\mbfZ
\mbfZeta
\mbfa
\mbfalpha
\mbfb
\mbfbeta
\mbfc
\mbfchi
\mbfd
\mbfdelta
\mbfdigamma
\mbfe
\mbfeight
\mbfepsilon
\mbfeta
\mbff
\mbffive
\mbffour
\mbffrakA
\mbffrakB
\mbffrakC
\mbffrakD
\mbffrakE
\mbffrakF
\mbffrakG
\mbffrakH
\mbffrakI
\mbffrakJ
\mbffrakK
\mbffrakL
\mbffrakM
\mbffrakN
\mbffrakO
\mbffrakP
\mbffrakQ
\mbffrakR
\mbffrakS
\mbffrakT
\mbffrakU
\mbffrakV
\mbffrakW
\mbffrakX
\mbffrakY
\mbffrakZ
\mbffraka
\mbffrakb
\mbffrakc
\mbffrakd
\mbffrake
\mbffrakf
\mbffrakg
\mbffrakh
\mbffraki
\mbffrakj
\mbffrakk
\mbffrakl
\mbffrakm
\mbffrakn
\mbffrako
\mbffrakp
\mbffrakq
\mbffrakr
\mbffraks
\mbffrakt
\mbffraku
\mbffrakv
\mbffrakw
\mbffrakx
\mbffraky
\mbffrakz
\mbfg
\mbfgamma
\mbfh
\mbfi
\mbfiota
\mbfitA
\mbfitAlpha
\mbfitB
\mbfitBeta
\mbfitC
\mbfitChi
\mbfitD
\mbfitDelta
\mbfitE
\mbfitEpsilon
\mbfitEta
\mbfitF
\mbfitG
\mbfitGamma
\mbfitH
\mbfitI
\mbfitIota
\mbfitJ
\mbfitK
\mbfitKappa
\mbfitL
\mbfitLambda
\mbfitM
\mbfitMu
\mbfitN
\mbfitNu
\mbfitO
\mbfitOmega
\mbfitOmicron
\mbfitP
\mbfitPhi
\mbfitPi
\mbfitPsi
\mbfitQ
\mbfitR
\mbfitRho
\mbfitS
\mbfitSigma
\mbfitT
\mbfitTau
\mbfitTheta
\mbfitU
\mbfitUpsilon
\mbfitV
\mbfitW
\mbfitX
\mbfitXi
\mbfitY
\mbfitZ
\mbfitZeta
\mbfita
\mbfitalpha
\mbfitb
\mbfitbeta
\mbfitc
\mbfitchi
\mbfitd
\mbfitdelta
\mbfite
\mbfitepsilon
\mbfiteta
\mbfitf
\mbfitg
\mbfitgamma
\mbfith
\mbfiti
\mbfitiota
\mbfitj
\mbfitk
\mbfitkappa
\mbfitl
\mbfitlambda
\mbfitm
\mbfitmu
\mbfitn
\mbfitnabla
\mbfitnu
\mbfito
\mbfitomega
\mbfitomicron
\mbfitp
\mbfitpartial
\mbfitphi
\mbfitpi
\mbfitpsi
\mbfitq
\mbfitr
\mbfitrho
\mbfits
\mbfitsansA
\mbfitsansAlpha
\mbfitsansB
\mbfitsansBeta
\mbfitsansC
\mbfitsansChi
\mbfitsansD
\mbfitsansDelta
\mbfitsansE
\mbfitsansEpsilon
\mbfitsansEta
\mbfitsansF
\mbfitsansG
\mbfitsansGamma
\mbfitsansH
\mbfitsansI
\mbfitsansIota
\mbfitsansJ
\mbfitsansK
\mbfitsansKappa
\mbfitsansL
\mbfitsansLambda
\mbfitsansM
\mbfitsansMu
\mbfitsansN
\mbfitsansNu
\mbfitsansO
\mbfitsansOmega
\mbfitsansOmicron
\mbfitsansP
\mbfitsansPhi
\mbfitsansPi
\mbfitsansPsi
\mbfitsansQ
\mbfitsansR
\mbfitsansRho
\mbfitsansS
\mbfitsansSigma
\mbfitsansT
\mbfitsansTau
\mbfitsansTheta
\mbfitsansU
\mbfitsansUpsilon
\mbfitsansV
\mbfitsansW
\mbfitsansX
\mbfitsansXi
\mbfitsansY
\mbfitsansZ
\mbfitsansZeta
\mbfitsansa
\mbfitsansalpha
\mbfitsansb
\mbfitsansbeta
\mbfitsansc
\mbfitsanschi
\mbfitsansd
\mbfitsansdelta
\mbfitsanse
\mbfitsansepsilon
\mbfitsanseta
\mbfitsansf
\mbfitsansg
\mbfitsansgamma
\mbfitsansh
\mbfitsansi
\mbfitsansiota
\mbfitsansj
\mbfitsansk
\mbfitsanskappa
\mbfitsansl
\mbfitsanslambda
\mbfitsansm
\mbfitsansmu
\mbfitsansn
\mbfitsansnabla
\mbfitsansnu
\mbfitsanso
\mbfitsansomega
\mbfitsansomicron
\mbfitsansp
\mbfitsanspartial
\mbfitsansphi
\mbfitsanspi
\mbfitsanspsi
\mbfitsansq
\mbfitsansr
\mbfitsansrho
\mbfitsanss
\mbfitsanssigma
\mbfitsanst
\mbfitsanstau
\mbfitsanstheta
\mbfitsansu
\mbfitsansupsilon
\mbfitsansv
\mbfitsansvarTheta
\mbfitsansvarepsilon
\mbfitsansvarkappa
\mbfitsansvarphi
\mbfitsansvarpi
\mbfitsansvarrho
\mbfitsansvarsigma
\mbfitsansvartheta
\mbfitsansw
\mbfitsansx
\mbfitsansxi
\mbfitsansy
\mbfitsansz
\mbfitsanszeta
\mbfitsigma
\mbfitt
\mbfittau
\mbfittheta
\mbfitu
\mbfitupsilon
\mbfitv
\mbfitvarTheta
\mbfitvarepsilon
\mbfitvarkappa
\mbfitvarphi
\mbfitvarpi
\mbfitvarrho
\mbfitvarsigma
\mbfitvartheta
\mbfitw
\mbfitx
\mbfitxi
\mbfity
\mbfitz
\mbfitzeta
\mbfj
\mbfk
\mbfkappa
\mbfl
\mbflambda
\mbfm
\mbfmu
\mbfn
\mbfnabla
\mbfnine
\mbfnu
\mbfo
\mbfomega
\mbfomicron
\mbfone
\mbfp
\mbfpartial
\mbfphi
\mbfpi
\mbfpsi
\mbfq
\mbfr
\mbfrho
\mbfs
\mbfsansA
\mbfsansAlpha
\mbfsansB
\mbfsansBeta
\mbfsansC
\mbfsansChi
\mbfsansD
\mbfsansDelta
\mbfsansE
\mbfsansEpsilon
\mbfsansEta
\mbfsansF
\mbfsansG
\mbfsansGamma
\mbfsansH
\mbfsansI
\mbfsansIota
\mbfsansJ
\mbfsansK
\mbfsansKappa
\mbfsansL
\mbfsansLambda
\mbfsansM
\mbfsansMu
\mbfsansN
\mbfsansNu
\mbfsansO
\mbfsansOmega
\mbfsansOmicron
\mbfsansP
\mbfsansPhi
\mbfsansPi
\mbfsansPsi
\mbfsansQ
\mbfsansR
\mbfsansRho
\mbfsansS
\mbfsansSigma
\mbfsansT
\mbfsansTau
\mbfsansTheta
\mbfsansU
\mbfsansUpsilon
\mbfsansV
\mbfsansW
\mbfsansX
\mbfsansXi
\mbfsansY
\mbfsansZ
\mbfsansZeta
\mbfsansa
\mbfsansalpha
\mbfsansb
\mbfsansbeta
\mbfsansc
\mbfsanschi
\mbfsansd
\mbfsansdelta
\mbfsanse
\mbfsanseight
\mbfsansepsilon
\mbfsanseta
\mbfsansf
\mbfsansfive
\mbfsansfour
\mbfsansg
\mbfsansgamma
\mbfsansh
\mbfsansi
\mbfsansiota
\mbfsansj
\mbfsansk
\mbfsanskappa
\mbfsansl
\mbfsanslambda
\mbfsansm
\mbfsansmu
\mbfsansn
\mbfsansnabla
\mbfsansnine
\mbfsansnu
\mbfsanso
\mbfsansomega
\mbfsansomicron
\mbfsansone
\mbfsansp
\mbfsanspartial
\mbfsansphi
\mbfsanspi
\mbfsanspsi
\mbfsansq
\mbfsansr
\mbfsansrho
\mbfsanss
\mbfsansseven
\mbfsanssigma
\mbfsanssix
\mbfsanst
\mbfsanstau
\mbfsanstheta
\mbfsansthree
\mbfsanstwo
\mbfsansu
\mbfsansupsilon
\mbfsansv
\mbfsansvarTheta
\mbfsansvarepsilon
\mbfsansvarkappa
\mbfsansvarphi
\mbfsansvarpi
\mbfsansvarrho
\mbfsansvarsigma
\mbfsansvartheta
\mbfsansw
\mbfsansx
\mbfsansxi
\mbfsansy
\mbfsansz
\mbfsanszero
\mbfsanszeta
\mbfscrA
\mbfscrB
\mbfscrC
\mbfscrD
\mbfscrE
\mbfscrF
\mbfscrG
\mbfscrH
\mbfscrI
\mbfscrJ
\mbfscrK
\mbfscrL
\mbfscrM
\mbfscrN
\mbfscrO
\mbfscrP
\mbfscrQ
\mbfscrR
\mbfscrS
\mbfscrT
\mbfscrU
\mbfscrV
\mbfscrW
\mbfscrX
\mbfscrY
\mbfscrZ
\mbfscra
\mbfscrb
\mbfscrc
\mbfscrd
\mbfscre
\mbfscrf
\mbfscrg
\mbfscrh
\mbfscri
\mbfscrj
\mbfscrk
\mbfscrl
\mbfscrm
\mbfscrn
\mbfscro
\mbfscrp
\mbfscrq
\mbfscrr
\mbfscrs
\mbfscrt
\mbfscru
\mbfscrv
\mbfscrw
\mbfscrx
\mbfscry
\mbfscrz
\mbfseven
\mbfsigma
\mbfsix
\mbft
\mbftau
\mbftheta
\mbfthree
\mbftwo
\mbfu
\mbfupsilon
\mbfv
\mbfvarTheta
\mbfvarepsilon
\mbfvarkappa
\mbfvarphi
\mbfvarpi
\mbfvarrho
\mbfvarsigma
\mbfvartheta
\mbfw
\mbfx
\mbfxi
\mbfy
\mbfz
\mbfzero
\mbfzeta
\mdblkcircle
\mdblkdiamond
\mdblklozenge
\mdblksquare
\mdlgblkcircle
\mdlgblkdiamond
\mdlgblklozenge
\mdlgblksquare
\mdlgwhtcircle
\mdlgwhtdiamond
\mdlgwhtlozenge
\mdlgwhtsquare
\mdsmblkcircle
\mdsmblksquare
\mdsmwhtcircle
\mdsmwhtsquare
\mdwhtcircle
\mdwhtdiamond
\mdwhtlozenge
\mdwhtsquare
\measangledltosw
\measangledrtose
\measangleldtosw
\measanglelutonw
\measanglerdtose
\measanglerutone
\measangleultonw
\measangleurtone
\measeq
\measuredangleleft
\measuredrightangle
\medblackstar
\medwhitestar
\mfrakA
\mfrakB
\mfrakC
\mfrakD
\mfrakE
\mfrakF
\mfrakG
\mfrakH
\mfrakJ
\mfrakK
\mfrakL
\mfrakM
\mfrakN
\mfrakO
\mfrakP
\mfrakQ
\mfrakS
\mfrakT
\mfrakU
\mfrakV
\mfrakW
\mfrakX
\mfrakY
\mfrakZ
\mfraka
\mfrakb
\mfrakc
\mfrakd
\mfrake
\mfrakf
\mfrakg
\mfrakh
\mfraki
\mfrakj
\mfrakk
\mfrakl
\mfrakm
\mfrakn
\mfrako
\mfrakp
\mfrakq
\mfrakr
\mfraks
\mfrakt
\mfraku
\mfrakv
\mfrakw
\mfrakx
\mfraky
\mfrakz
\midbarvee
\midbarwedge
\midcir
\minus
\minusdot
\minusfdots
\minusrdots
\mitA
\mitAlpha
\mitB
\mitBbbD
\mitBbbd
\mitBbbe
\mitBbbi
\mitBbbj
\mitBeta
\mitC
\mitChi
\mitD
\mitDelta
\mitE
\mitEpsilon
\mitEta
\mitF
\mitG
\mitGamma
\mitH
\mitI
\mitIota
\mitJ
\mitK
\mitKappa
\mitL
\mitLambda
\mitM
\mitMu
\mitN
\mitNu
\mitO
\mitOmega
\mitOmicron
\mitP
\mitPhi
\mitPi
\mitPsi
\mitQ
\mitR
\mitRho
\mitS
\mitSigma
\mitT
\mitTau
\mitTheta
\mitU
\mitUpsilon
\mitV
\mitW
\mitX
\mitXi
\mitY
\mitZ
\mitZeta
\mita
\mitalpha
\mitb
\mitbeta
\mitc
\mitchi
\mitd
\mitdelta
\mite
\mitepsilon
\miteta
\mitf
\mitg
\mitgamma
\miti
\mitiota
\mitj
\mitk
\mitkappa
\mitl
\mitlambda
\mitm
\mitmu
\mitn
\mitnabla
\mitnu
\mito
\mitomega
\mitomicron
\mitp
\mitpartial
\mitphi
\mitpi
\mitpsi
\mitq
\mitr
\mitrho
\mits
\mitsansA
\mitsansB
\mitsansC
\mitsansD
\mitsansE
\mitsansF
\mitsansG
\mitsansH
\mitsansI
\mitsansJ
\mitsansK
\mitsansL
\mitsansM
\mitsansN
\mitsansO
\mitsansP
\mitsansQ
\mitsansR
\mitsansS
\mitsansT
\mitsansU
\mitsansV
\mitsansW
\mitsansX
\mitsansY
\mitsansZ
\mitsansa
\mitsansb
\mitsansc
\mitsansd
\mitsanse
\mitsansf
\mitsansg
\mitsansh
\mitsansi
\mitsansj
\mitsansk
\mitsansl
\mitsansm
\mitsansn
\mitsanso
\mitsansp
\mitsansq
\mitsansr
\mitsanss
\mitsanst
\mitsansu
\mitsansv
\mitsansw
\mitsansx
\mitsansy
\mitsansz
\mitsigma
\mitt
\mittau
\mittheta
\mitu
\mitupsilon
\mitv
\mitvarTheta
\mitvarepsilon
\mitvarkappa
\mitvarphi
\mitvarpi
\mitvarrho
\mitvarsigma
\mitvartheta
\mitw
\mitx
\mitxi
\mity
\mitz
\mitzeta
\mlcp
\modtwosum
\msansA
\msansB
\msansC
\msansD
\msansE
\msansF
\msansG
\msansH
\msansI
\msansJ
\msansK
\msansL
\msansM
\msansN
\msansO
\msansP
\msansQ
\msansR
\msansS
\msansT
\msansU
\msansV
\msansW
\msansX
\msansY
\msansZ
\msansa
\msansb
\msansc
\msansd
\msanse
\msanseight
\msansf
\msansfive
\msansfour
\msansg
\msansh
\msansi
\msansj
\msansk
\msansl
\msansm
\msansn
\msansnine
\msanso
\msansone
\msansp
\msansq
\msansr
\msanss
\msansseven
\msanssix
\msanst
\msansthree
\msanstwo
\msansu
\msansv
\msansw
\msansx
\msansy
\msansz
\msanszero
\mscrA
\mscrB
\mscrC
\mscrD
\mscrE
\mscrF
\mscrG
\mscrH
\mscrI
\mscrJ
\mscrK
\mscrL
\mscrM
\mscrN
\mscrO
\mscrP
\mscrQ
\mscrR
\mscrS
\mscrT
\mscrU
\mscrV
\mscrW
\mscrX
\mscrY
\mscrZ
\mscra
\mscrb
\mscrc
\mscrd
\mscre
\mscrf
\mscrg
\mscrh
\mscri
\mscrj
\mscrk
\mscrl
\mscrm
\mscrn
\mscro
\mscrp
\mscrq
\mscrr
\mscrs
\mscrt
\mscru
\mscrv
\mscrw
\mscrx
\mscry
\mscrz
\mttA
\mttB
\mttC
\mttD
\mttE
\mttF
\mttG
\mttH
\mttI
\mttJ
\mttK
\mttL
\mttM
\mttN
\mttO
\mttP
\mttQ
\mttR
\mttS
\mttT
\mttU
\mttV
\mttW
\mttX
\mttY
\mttZ
\mtta
\mttb
\mttc
\mttd
\mtte
\mtteight
\mttf
\mttfive
\mttfour
\mttg
\mtth
\mtti
\mttj
\mttk
\mttl
\mttm
\mttn
\mttnine
\mtto
\mttone
\mttp
\mttq
\mttr
\mtts
\mttseven
\mttsix
\mttt
\mttthree
\mtttwo
\mttu
\mttv
\mttw
\mttx
\mtty
\mttz
\mttzero
\multimapinv
\nHdownarrow
\nHuparrow
\nVleftarrow
\nVleftarrowtail
\nVleftrightarrow
\nVrightarrow
\nVrightarrowtail
\nVtwoheadleftarrow
\nVtwoheadleftarrowtail
\nVtwoheadrightarrow
\nVtwoheadrightarrowtail
\napprox
\nasymp
\neovnwarrow
\neovsearrow
\nequiv
\neswarrow
\neuter
\ngtrless
\ngtrsim
\nhVvert
\nhpar
\niobar
\nis
\nisd
\nlessgtr
\nlesssim
\nni
\npolint
\npreccurlyeq
\nsime
\nsqsubseteq
\nsqsupseteq
\nsubset
\nsucccurlyeq
\nsupset
\nvLeftarrow
\nvLeftrightarrow
\nvRightarrow
\nvinfty
\nvleftarrow
\nvleftarrowtail
\nvleftrightarrow
\nvrightarrow
\nvrightarrowtail
\nvtwoheadleftarrow
\nvtwoheadleftarrowtail
\nvtwoheadrightarrow
\nvtwoheadrightarrowtail
\nwovnearrow
\nwsearrow
\obar
\obot
\obrbrak
\obslash
\ocirc
\ocommatopright
\octothorpe
\odiv
\odotslashdot
\ogreaterthan
\oiiint
\oiint
\ointctrclockwise
\olcross
\olessthan
\operp
\opluslhrim
\oplusrhrim
\origof
\otimeshat
\otimeslhrim
\otimesrhrim
\oturnedcomma
\overbar
\overparen
\ovhook
\parallelogram
\parallelogramblack
\parsim
\partialmeetcontraction
\pentagon
\pentagonblack
\percent
\period
\perps
\plus
\plusdot
\pluseqq
\plushat
\plussim
\plussubtwo
\plustrif
\pointint
\postalmark
\preceqq
\precneq
\profline
\profsurf
\prurel
\pullback
\pushout
\qprime
\quarternote
\questeq
\question
\rAngle
\rBrace
\rBrack
\rParen
\rangledot
\rangledownzigzagarrow
\rbag
\rblkbrbrak
\rbracelend
\rbracemid
\rbraceuend
\rbrackextender
\rbracklend
\rbracklrtick
\rbrackubar
\rbrackuend
\rbrackurtick
\rbrbrak
\rcurvyangle
\rdiagovfdiag
\rdiagovsearrow
\revangle
\revangleubar
\revemptyset
\revnmid
\rfbowtie
\rftimes
\rightangle
\rightanglemdot
\rightanglesqr
\rightarrowapprox
\rightarrowbackapprox
\rightarrowbar
\rightarrowbsimilar
\rightarrowdiamond
\rightarrowgtr
\rightarrowonoplus
\rightarrowplus
\rightarrowshortleftarrow
\rightarrowsimilar
\rightarrowsupset
\rightarrowtriangle
\rightarrowx
\rightbkarrow
\rightcurvedarrow
\rightdasharrow
\rightdbltail
\rightdotarrow
\rightdowncurvedarrow
\rightfishtail
\rightharpoonaccent
\rightharpoondownbar
\rightharpoonsupdown
\rightharpoonupbar
\rightharpoonupdash
\rightimply
\rightleftharpoonsdown
\rightleftharpoonsup
\rightmoon
\rightouterjoin
\rightpentagon
\rightpentagonblack
\righttail
\rightthreearrows
\rightwavearrow
\rightwhitearrow
\ringplus
\rparenextender
\rparengtr
\rparenlend
\rparenuend
\rppolint
\rrangle
\rrparenthesis
\rsolbar
\rsqhook
\rsub
\rtriltri
\ruledelayed
\rvboxline
\rvzigzag
\sansLmirrored
\sansLturned
\scpolint
\scurel
\semicolon
\seovnearrow
\shortdowntack
\shortlefttack
\shortrightarrowleftarrow
\shortuptack
\shuffle
\simgE
\simgtr
\similarleftarrow
\similarrightarrow
\simlE
\simless
\simminussim
\simneqq
\simplus
\simrdots
\sinewave
\smallblacktriangleleft
\smallblacktriangleright
\smallin
\smallni
\smalltriangleleft
\smalltriangleright
\smashtimes
\smblkcircle
\smblkdiamond
\smblklozenge
\smblksquare
\smeparsl
\smt
\smte
\smwhitestar
\smwhtcircle
\smwhtdiamond
\smwhtlozenge
\smwhtsquare
\sphericalangleup
\sqint
\sqlozenge
\sqrtbottom
\sqsubsetneq
\sqsupsetneq
\squarebotblack
\squarecrossfill
\squarehfill
\squarehvfill
\squareleftblack
\squarellblack
\squarellquad
\squarelrblack
\squarelrquad
\squareneswfill
\squarenwsefill
\squarerightblack
\squaretopblack
\squareulblack
\squareulquad
\squareurblack
\squareurquad
\squarevfill
\squoval
\sslash
\stareq
\sterling
\strns
\subedot
\submult
\subrarr
\subsetapprox
\subsetcirc
\subsetdot
\subsetplus
\subsim
\subsub
\subsup
\succeqq
\succneq
\sumbottom
\sumint
\sumtop
\sun
\supdsub
\supedot
\suphsol
\suphsub
\suplarr
\supmult
\supsetapprox
\supsetcirc
\supsetdot
\supsetplus
\supsim
\supsub
\supsup
\talloblong
\thermod
\threedangle
\threedotcolon
\threeunderdot
\tieconcat
\tieinfty
\timesbar
\tminus
\toea
\tona
\topbot
\topcir
\topfork
\topsemicircle
\tosa
\towa
\tplus
\trapezium
\trianglecdot
\triangleleftblack
\triangleminus
\triangleodot
\triangleplus
\trianglerightblack
\triangles
\triangleserifs
\triangletimes
\triangleubar
\tripleplus
\trprime
\trslash
\turnangle
\turnediota
\turnednot
\twocaps
\twocups
\twoheaddownarrow
\twoheadleftarrowtail
\twoheadleftdbkarrow
\twoheadmapsfrom
\twoheadmapsto
\twoheadrightarrowtail
\twoheaduparrow
\twoheaduparrowcircle
\twolowline
\twonotes
\typecolon
\ubrbrak
\ularc
\ulblacktriangle
\ultriangle
\uminus
\underleftharpoondown
\underparen
\underrightharpoondown
\unicodecdots
\unicodeellipsis
\upAlpha
\upBeta
\upChi
\upDelta
\upDigamma
\upEpsilon
\upEta
\upGamma
\upIota
\upKappa
\upKoppa
\upLambda
\upMu
\upNu
\upOmega
\upOmicron
\upPhi
\upPi
\upPsi
\upRho
\upSampi
\upSigma
\upStigma
\upTau
\upTheta
\upUpsilon
\upXi
\upZeta
\upalpha
\upand
\uparrowbarred
\uparrowoncircle
\upbackepsilon
\upbeta
\upchi
\updasharrow
\updelta
\updigamma
\updownarrowbar
\updownarrows
\updownharpoonleftleft
\updownharpoonleftright
\updownharpoonrightleft
\updownharpoonrightright
\updownharpoonsleftright
\upepsilon
\upeta
\upfishtail
\upgamma
\upharpoonleftbar
\upharpoonrightbar
\upharpoonsleftright
\upin
\upint
\upiota
\upkappa
\upkoppa
\uplambda
\upmu
\upnu
\upoldKoppa
\upoldkoppa
\upomega
\upomicron
\upphi
\uppi
\uppsi
\uprho
\uprightcurvearrow
\upsampi
\upsigma
\upstigma
\uptau
\uptheta
\upupsilon
\upvarTheta
\upvarbeta
\upvarepsilon
\upvarkappa
\upvarphi
\upvarpi
\upvarrho
\upvarsigma
\upvartheta
\upwhitearrow
\upxi
\upzeta
\urarc
\urblacktriangle
\urtriangle
\vBar
\vBarv
\vDdash
\varVdash
\varbarwedge
\varcarriagereturn
\varclubsuit
\vardiamondsuit
\vardoublebarwedge
\varheartsuit
\varhexagon
\varhexagonblack
\varhexagonlrbonds
\varisinobar
\varisins
\varlrtriangle
\varniobar
\varnis
\varointclockwise
\varspadesuit
\varstar
\varveebar
\vbraceextender
\vbrtri
\vectimes
\veedot
\veedoublebar
\veeeq
\veemidvert
\veeodot
\veeonvee
\veeonwedge
\vertoverlay
\viewdata
\vlongdash
\vrectangle
\vrectangleblack
\vysmblkcircle
\vysmblksquare
\vysmwhtcircle
\vysmwhtsquare
\vzigzag
\wedgebar
\wedgedot
\wedgedoublebar
\wedgemidvert
\wedgeodot
\wedgeonwedge
\wedgeq
\whitearrowupfrombar
\whiteinwhitetriangle
\whitepointerleft
\whitepointerright
\whitesquaretickleft
\whitesquaretickright
\whthorzoval
\whtvertoval
\wideangledown
\wideangleup
\widebridgeabove
\wideutilde
\xbsol
\xsol
\zcmp
\zpipe
\zproject
