\Bbbk
\Bumpeq
\Cap
\Coloneq
\Cup
\Doteq
\Downarrow
\Finv
\Game
\Im
\Join
\Leftarrow
\Leftrightarrow
\Lleftarrow
\Longleftarrow
\Longleftrightarrow
\Longrightarrow
\Lsh
\Re
\Rightarrow
\Rrightarrow
\Rsh
\Subset
\Supset
\Uparrow
\Updownarrow
\Vdash
\Vert
\Vvdash
\acute
\aleph
\amalg
\angle
\approx
\approxeq
\ast
\asymp
\backprime
\backsim
\backsimeq
\backslash
\bar
\barwedge
\because
\beth
\between
\bigcap
\bigcup
\bigodot
\bigoplus
\bigotimes
\bigsqcup
\bigstar
\bigtimes
\bigtriangledown
\bigtriangleup
\biguplus
\bigvee
\bigwedge
\blacktriangle
\blacktriangledown
\blacktriangleleft
\blacktriangleright
\bot
\bowtie
\boxdot
\boxminus
\boxplus
\boxtimes
\breve
\bumpeq
\cap
\cdot
\cdotp
\check
\checkmark
\circeq
\circledast
\circledcirc
\circleddash
\clubsuit
\coloneq
\complement
\cong
\coprod
\cup
\curlyeqprec
\curlyeqsucc
\curlyvee
\curlywedge
\curvearrowleft
\curvearrowright
\dagger
\daleth
\dashv
\ddagger
\ddddot
\dddot
\ddot
\ddots
\diamondsuit
\div
\divideontimes
\dot
\doteq
\dotplus
\doublebarwedge
\downarrow
\downdownarrows
\downharpoonleft
\downharpoonright
\ell
\eqcirc
\eqcolon
\eqsim
\eqslantgtr
\eqslantless
\equiv
\exists
\fallingdotseq
\flat
\forall
\frown
\geq
\geqq
\geqslant
\gg
\ggg
\gimel
\gnapprox
\gneq
\gneqq
\gnsim
\grave
\gtrapprox
\gtrdot
\gtreqless
\gtreqqless
\gtrless
\gtrsim
\hat
\heartsuit
\hookleftarrow
\hookrightarrow
\hslash
\iiiint
\iiint
\iint
\imath
\in
\infty
\int
\intercal
\jmath
\langle
\lbrace
\lbrack
\lceil
\leftarrow
\leftarrowtail
\leftharpoondown
\leftharpoonup
\leftleftarrows
\leftrightarrow
\leftrightarrows
\leftrightharpoons
\leftrightsquigarrow
\leftthreetimes
\leq
\leqq
\leqslant
\lessapprox
\lessdot
\lesseqgtr
\lesseqqgtr
\lessgtr
\lesssim
\lfloor
\ll
\llcorner
\lll
\lmoustache
\lnapprox
\lneq
\lneqq
\lnsim
\longleftarrow
\longleftrightarrow
\longmapsto
\longrightarrow
\looparrowleft
\looparrowright
\lparen
\lrcorner
\ltimes
\maltese
\mapsto
\mathdollar
\measuredangle
\mho
\mid
\models
\mp
\multimap
\nLeftarrow
\nLeftrightarrow
\nRightarrow
\nVDash
\nVdash
\nabla
\natural
\ncong
\ne
\nearrow
\neg
\nexists
\ngeq
\ngtr
\ni
\nleftarrow
\nleftrightarrow
\nleq
\nless
\nmid
\not
\notin
\nparallel
\nprec
\nrightarrow
\nsim
\nsubseteq
\nsucc
\nsupseteq
\ntriangleleft
\ntrianglelefteq
\ntriangleright
\ntrianglerighteq
\nvDash
\nvdash
\nwarrow
\odot
\oint
\ominus
\oplus
\oslash
\otimes
\overbrace
\overbracket
\overleftarrow
\overleftrightarrow
\overline
\parallel
\partial
\perp
\pitchfork
\pm
\prec
\precapprox
\preccurlyeq
\preceq
\precnapprox
\precneqq
\precnsim
\precsim
\prime
\prod
\propto
\rangle
\rbrace
\rbrack
\rceil
\rfloor
\rightarrow
\rightarrowtail
\rightharpoondown
\rightharpoonup
\rightleftarrows
\rightleftharpoons
\rightrightarrows
\rightsquigarrow
\rightthreetimes
\risingdotseq
\rmoustache
\rparen
\rtimes
\searrow
\setminus
\sharp
\sim
\simeq
\slash
\smallsetminus
\smile
\spadesuit
\sphericalangle
\sqcap
\sqcup
\sqrt
\sqsubset
\sqsubseteq
\sqsupset
\sqsupseteq
\star
\subset
\subseteq
\subseteqq
\subsetneq
\subsetneqq
\succ
\succapprox
\succcurlyeq
\succeq
\succnapprox
\succneqq
\succnsim
\succsim
\sum
\supset
\supseteq
\supseteqq
\supsetneq
\supsetneqq
\swarrow
\therefore
\tilde
\times
\top
\triangledown
\triangleleft
\trianglelefteq
\triangleq
\triangleright
\trianglerighteq
\twoheadleftarrow
\twoheadrightarrow
\ulcorner
\underbar
\underbrace
\underbracket
\underleftarrow
\underrightarrow
\uparrow
\updownarrow
\upharpoonleft
\upharpoonright
\uplus
\upuparrows
\urcorner
\vDash
\varnothing
\vartriangle
\vartriangleleft
\vartriangleright
\vdash
\vdots
\vec
\vee
\veebar
\vert
\wedge
\wp
\wr
\yen
