\exclam
\octothorpe
\mathdollar
\percent
\ampersand
\lparen
\rparen
\plus
\comma
\period
\mathslash
\mathcolon
\semicolon
\less
\equal
\greater
\question
\atsign
\lbrack
\backslash
\rbrack
\lbrace
\vert
\rbrace
\sterling
\yen
\neg
\pm
\cdotp
\times
\matheth
\div
\Zbar
\grave
\acute
\hat
\tilde
\bar
\overbar
\breve
\dot
\ddot
\ovhook
\ocirc
\check
\candra
\oturnedcomma
\ocommatopright
\droang
\wideutilde
\underbar
\not
\upAlpha
\upBeta
\upGamma
\upDelta
\upEpsilon
\upZeta
\upEta
\upTheta
\upIota
\upKappa
\upLambda
\upMu
\upNu
\upXi
\upOmicron
\upPi
\upRho
\upSigma
\upTau
\upUpsilon
\upPhi
\upChi
\upPsi
\upOmega
\upalpha
\upbeta
\upgamma
\updelta
\upepsilon
\upzeta
\upeta
\uptheta
\upiota
\upkappa
\uplambda
\upmu
\upnu
\upxi
\upomicron
\uppi
\uprho
\upvarsigma
\upsigma
\uptau
\upupsilon
\upvarphi
\upchi
\uppsi
\upomega
\upvarbeta
\upvartheta
\upUpsilon
\upphi
\upvarpi
\upoldKoppa
\upoldkoppa
\upStigma
\upstigma
\upDigamma
\updigamma
\upKoppa
\upkoppa
\upSampi
\upsampi
\upvarkappa
\upvarrho
\upvarTheta
\upvarepsilon
\upbackepsilon
\horizbar
\Vert
\twolowline
\dagger
\ddagger
\smblkcircle
\enleadertwodots
\unicodeellipsis
\prime
\dprime
\trprime
\backprime
\backdprime
\backtrprime
\caretinsert
\Exclam
\tieconcat
\hyphenbullet
\fracslash
\Question
\closure
\qprime
\euro
\leftharpoonaccent
\rightharpoonaccent
\vertoverlay
\overleftarrow
\vec
\dddot
\ddddot
\enclosecircle
\enclosesquare
\enclosediamond
\overleftrightarrow
\enclosetriangle
\annuity
\threeunderdot
\widebridgeabove
\underrightharpoondown
\underleftharpoondown
\underleftarrow
\underrightarrow
\asteraccent
\BbbC
\Eulerconst
\mscrg
\mscrH
\mfrakH
\BbbH
\Planckconst
\hslash
\mscrI
\Im
\mscrL
\ell
\BbbN
\wp
\BbbP
\BbbQ
\mscrR
\Re
\BbbR
\BbbZ
\mho
\mfrakZ
\turnediota
\Angstrom
\mscrB
\mfrakC
\mscre
\mscrE
\mscrF
\Finv
\mscrM
\mscro
\aleph
\beth
\gimel
\daleth
\Bbbpi
\Bbbgamma
\BbbGamma
\BbbPi
\Bbbsum
\Game
\sansLturned
\sansLmirrored
\Yup
\mitBbbD
\mitBbbd
\mitBbbe
\mitBbbi
\mitBbbj
\PropertyLine
\upand
\leftarrow
\uparrow
\rightarrow
\downarrow
\leftrightarrow
\updownarrow
\nwarrow
\nearrow
\searrow
\swarrow
\nleftarrow
\nrightarrow
\leftwavearrow
\rightwavearrow
\twoheadleftarrow
\twoheaduparrow
\twoheadrightarrow
\twoheaddownarrow
\leftarrowtail
\rightarrowtail
\mapsfrom
\mapsup
\mapsto
\mapsdown
\updownarrowbar
\hookleftarrow
\hookrightarrow
\looparrowleft
\looparrowright
\leftrightsquigarrow
\nleftrightarrow
\downzigzagarrow
\Lsh
\Rsh
\Ldsh
\Rdsh
\linefeed
\carriagereturn
\curvearrowleft
\curvearrowright
\barovernorthwestarrow
\barleftarrowrightarrowba
\acwopencirclearrow
\cwopencirclearrow
\leftharpoonup
\leftharpoondown
\upharpoonright
\upharpoonleft
\rightharpoonup
\rightharpoondown
\downharpoonright
\downharpoonleft
\rightleftarrows
\updownarrows
\leftrightarrows
\leftleftarrows
\upuparrows
\rightrightarrows
\downdownarrows
\leftrightharpoons
\rightleftharpoons
\nLeftarrow
\nLeftrightarrow
\nRightarrow
\Leftarrow
\Uparrow
\Rightarrow
\Downarrow
\Leftrightarrow
\Updownarrow
\Nwarrow
\Nearrow
\Searrow
\Swarrow
\Lleftarrow
\Rrightarrow
\leftsquigarrow
\rightsquigarrow
\nHuparrow
\nHdownarrow
\leftdasharrow
\updasharrow
\rightdasharrow
\downdasharrow
\barleftarrow
\rightarrowbar
\leftwhitearrow
\upwhitearrow
\rightwhitearrow
\downwhitearrow
\whitearrowupfrombar
\circleonrightarrow
\downuparrows
\rightthreearrows
\nvleftarrow
\nvrightarrow
\nvleftrightarrow
\nVleftarrow
\nVrightarrow
\nVleftrightarrow
\leftarrowtriangle
\rightarrowtriangle
\leftrightarrowtriangle
\forall
\complement
\partial
\exists
\nexists
\varnothing
\increment
\nabla
\in
\notin
\smallin
\ni
\nni
\smallni
\QED
\prod
\coprod
\sum
\minus
\mp
\dotplus
\divslash
\smallsetminus
\ast
\vysmwhtcircle
\vysmblkcircle
\sqrt
\cuberoot
\fourthroot
\propto
\infty
\rightangle
\angle
\measuredangle
\sphericalangle
\mid
\nmid
\parallel
\nparallel
\wedge
\vee
\cap
\cup
\int
\iint
\iiint
\oint
\oiint
\oiiint
\intclockwise
\varointclockwise
\ointctrclockwise
\therefore
\because
\mathratio
\Colon
\dotminus
\dashcolon
\dotsminusdots
\kernelcontraction
\sim
\backsim
\invlazys
\sinewave
\wr
\nsim
\eqsim
\simeq
\nsime
\cong
\simneqq
\ncong
\approx
\napprox
\approxeq
\approxident
\backcong
\asymp
\Bumpeq
\bumpeq
\doteq
\Doteq
\fallingdotseq
\risingdotseq
\coloneq
\eqcolon
\eqcirc
\circeq
\arceq
\wedgeq
\veeeq
\stareq
\triangleq
\eqdef
\measeq
\questeq
\ne
\equiv
\nequiv
\Equiv
\leq
\geq
\leqq
\geqq
\lneqq
\gneqq
\ll
\gg
\between
\nasymp
\nless
\ngtr
\nleq
\ngeq
\lesssim
\gtrsim
\nlesssim
\ngtrsim
\lessgtr
\gtrless
\nlessgtr
\ngtrless
\prec
\succ
\preccurlyeq
\succcurlyeq
\precsim
\succsim
\nprec
\nsucc
\subset
\supset
\nsubset
\nsupset
\subseteq
\supseteq
\nsubseteq
\nsupseteq
\subsetneq
\supsetneq
\cupleftarrow
\cupdot
\uplus
\sqsubset
\sqsupset
\sqsubseteq
\sqsupseteq
\sqcap
\sqcup
\oplus
\ominus
\otimes
\oslash
\odot
\circledcirc
\circledast
\circledequal
\circleddash
\boxplus
\boxminus
\boxtimes
\boxdot
\vdash
\dashv
\top
\bot
\assert
\models
\vDash
\Vdash
\Vvdash
\VDash
\nvdash
\nvDash
\nVdash
\nVDash
\prurel
\scurel
\vartriangleleft
\vartriangleright
\trianglelefteq
\trianglerighteq
\origof
\imageof
\multimap
\hermitmatrix
\intercal
\veebar
\barwedge
\barvee
\measuredrightangle
\varlrtriangle
\bigwedge
\bigvee
\bigcap
\bigcup
\smwhtdiamond
\cdot
\star
\divideontimes
\bowtie
\ltimes
\rtimes
\leftthreetimes
\rightthreetimes
\backsimeq
\curlyvee
\curlywedge
\Subset
\Supset
\Cap
\Cup
\pitchfork
\equalparallel
\lessdot
\gtrdot
\lll
\ggg
\lesseqgtr
\gtreqless
\eqless
\eqgtr
\curlyeqprec
\curlyeqsucc
\npreccurlyeq
\nsucccurlyeq
\nsqsubseteq
\nsqsupseteq
\sqsubsetneq
\sqsupsetneq
\lnsim
\gnsim
\precnsim
\succnsim
\ntriangleleft
\ntriangleright
\ntrianglelefteq
\ntrianglerighteq
\vdots
\unicodecdots
\adots
\ddots
\disin
\varisins
\isins
\isindot
\varisinobar
\isinobar
\isinvb
\isinE
\nisd
\varnis
\nis
\varniobar
\niobar
\bagmember
\diameter
\house
\varbarwedge
\vardoublebarwedge
\lceil
\rceil
\lfloor
\rfloor
\invnot
\sqlozenge
\profline
\profsurf
\viewdata
\turnednot
\ulcorner
\urcorner
\llcorner
\lrcorner
\inttop
\intbottom
\frown
\smile
\varhexagonlrbonds
\conictaper
\topbot
\obar
\APLnotslash
\APLnotbackslash
\APLboxupcaret
\APLboxquestion
\rangledownzigzagarrow
\hexagon
\lparenuend
\lparenextender
\lparenlend
\rparenuend
\rparenextender
\rparenlend
\lbrackuend
\lbrackextender
\lbracklend
\rbrackuend
\rbrackextender
\rbracklend
\lbraceuend
\lbracemid
\lbracelend
\vbraceextender
\rbraceuend
\rbracemid
\rbracelend
\intextender
\harrowextender
\lmoustache
\rmoustache
\sumtop
\sumbottom
\overbracket
\underbracket
\bbrktbrk
\sqrtbottom
\lvboxline
\rvboxline
\varcarriagereturn
\overparen
\underparen
\overbrace
\underbrace
\obrbrak
\ubrbrak
\trapezium
\benzenr
\strns
\fltns
\accurrent
\elinters
\bdtriplevdash
\blockuphalf
\blocklowhalf
\blockfull
\blocklefthalf
\blockrighthalf
\blockqtrshaded
\blockhalfshaded
\blockthreeqtrshaded
\mdlgblksquare
\mdlgwhtsquare
\squoval
\blackinwhitesquare
\squarehfill
\squarevfill
\squarehvfill
\squarenwsefill
\squareneswfill
\squarecrossfill
\smblksquare
\smwhtsquare
\hrectangleblack
\hrectangle
\vrectangleblack
\vrectangle
\parallelogramblack
\parallelogram
\bigblacktriangleup
\bigtriangleup
\blacktriangle
\vartriangle
\blacktriangleright
\triangleright
\smallblacktriangleright
\smalltriangleright
\blackpointerright
\whitepointerright
\bigblacktriangledown
\bigtriangledown
\blacktriangledown
\triangledown
\blacktriangleleft
\triangleleft
\smallblacktriangleleft
\smalltriangleleft
\blackpointerleft
\whitepointerleft
\mdlgblkdiamond
\mdlgwhtdiamond
\blackinwhitediamond
\fisheye
\mdlgwhtlozenge
\mdlgwhtcircle
\dottedcircle
\circlevertfill
\bullseye
\mdlgblkcircle
\circlelefthalfblack
\circlerighthalfblack
\circlebottomhalfblack
\circletophalfblack
\circleurquadblack
\blackcircleulquadwhite
\blacklefthalfcircle
\blackrighthalfcircle
\inversebullet
\inversewhitecircle
\invwhiteupperhalfcircle
\invwhitelowerhalfcircle
\ularc
\urarc
\lrarc
\llarc
\topsemicircle
\botsemicircle
\lrblacktriangle
\llblacktriangle
\ulblacktriangle
\urblacktriangle
\smwhtcircle
\squareleftblack
\squarerightblack
\squareulblack
\squarelrblack
\boxbar
\trianglecdot
\triangleleftblack
\trianglerightblack
\lgwhtcircle
\squareulquad
\squarellquad
\squarelrquad
\squareurquad
\circleulquad
\circlellquad
\circlelrquad
\circleurquad
\ultriangle
\urtriangle
\lltriangle
\mdwhtsquare
\mdblksquare
\mdsmwhtsquare
\mdsmblksquare
\lrtriangle
\bigstar
\bigwhitestar
\astrosun
\danger
\blacksmiley
\sun
\rightmoon
\leftmoon
\female
\male
\spadesuit
\heartsuit
\diamondsuit
\clubsuit
\varspadesuit
\varheartsuit
\vardiamondsuit
\varclubsuit
\quarternote
\eighthnote
\twonotes
\flat
\natural
\sharp
\acidfree
\dicei
\diceii
\diceiii
\diceiv
\dicev
\dicevi
\circledrightdot
\circledtwodots
\blackcircledrightdot
\blackcircledtwodots
\Hermaphrodite
\mdwhtcircle
\mdblkcircle
\mdsmwhtcircle
\neuter
\checkmark
\maltese
\circledstar
\varstar
\dingasterisk
\lbrbrak
\rbrbrak
\draftingarrow
\threedangle
\whiteinwhitetriangle
\perp
\subsetcirc
\supsetcirc
\lbag
\rbag
\veedot
\bsolhsub
\suphsol
\longdivision
\diamondcdot
\wedgedot
\upin
\pullback
\pushout
\leftouterjoin
\rightouterjoin
\fullouterjoin
\bigbot
\bigtop
\DashVDash
\dashVdash
\multimapinv
\vlongdash
\longdashv
\cirbot
\lozengeminus
\concavediamond
\concavediamondtickleft
\concavediamondtickright
\whitesquaretickleft
\whitesquaretickright
\lBrack
\rBrack
\langle
\rangle
\lAngle
\rAngle
\Lbrbrak
\Rbrbrak
\UUparrow
\DDownarrow
\acwgapcirclearrow
\cwgapcirclearrow
\rightarrowonoplus
\longleftarrow
\longrightarrow
\longleftrightarrow
\Longleftarrow
\Longrightarrow
\Longleftrightarrow
\longmapsfrom
\longmapsto
\Longmapsfrom
\Longmapsto
\longrightsquigarrow
\nvtwoheadrightarrow
\nVtwoheadrightarrow
\nvLeftarrow
\nvRightarrow
\nvLeftrightarrow
\twoheadmapsto
\Mapsfrom
\Mapsto
\downarrowbarred
\uparrowbarred
\Uuparrow
\Ddownarrow
\leftbkarrow
\rightbkarrow
\leftdbkarrow
\dbkarow
\drbkarow
\rightdotarrow
\baruparrow
\downarrowbar
\nvrightarrowtail
\nVrightarrowtail
\twoheadrightarrowtail
\nvtwoheadrightarrowtail
\nVtwoheadrightarrowtail
\lefttail
\righttail
\leftdbltail
\rightdbltail
\diamondleftarrow
\rightarrowdiamond
\diamondleftarrowbar
\barrightarrowdiamond
\nwsearrow
\neswarrow
\hknwarrow
\hknearrow
\hksearow
\hkswarow
\tona
\toea
\tosa
\towa
\rdiagovfdiag
\fdiagovrdiag
\seovnearrow
\neovsearrow
\fdiagovnearrow
\rdiagovsearrow
\neovnwarrow
\nwovnearrow
\rightcurvedarrow
\uprightcurvearrow
\downrightcurvedarrow
\leftdowncurvedarrow
\rightdowncurvedarrow
\cwrightarcarrow
\acwleftarcarrow
\acwoverarcarrow
\acwunderarcarrow
\curvearrowrightminus
\curvearrowleftplus
\cwundercurvearrow
\ccwundercurvearrow
\acwcirclearrow
\cwcirclearrow
\rightarrowshortleftarrow
\leftarrowshortrightarrow
\shortrightarrowleftarrow
\rightarrowplus
\leftarrowplus
\rightarrowx
\leftrightarrowcircle
\twoheaduparrowcircle
\leftrightharpoonupdown
\leftrightharpoondownup
\updownharpoonrightleft
\updownharpoonleftright
\leftrightharpoonupup
\updownharpoonrightright
\leftrightharpoondowndown
\updownharpoonleftleft
\barleftharpoonup
\rightharpoonupbar
\barupharpoonright
\downharpoonrightbar
\barleftharpoondown
\rightharpoondownbar
\barupharpoonleft
\downharpoonleftbar
\leftharpoonupbar
\barrightharpoonup
\upharpoonrightbar
\bardownharpoonright
\leftharpoondownbar
\barrightharpoondown
\upharpoonleftbar
\bardownharpoonleft
\leftharpoonsupdown
\upharpoonsleftright
\rightharpoonsupdown
\downharpoonsleftright
\leftrightharpoonsup
\leftrightharpoonsdown
\rightleftharpoonsup
\rightleftharpoonsdown
\leftharpoonupdash
\dashleftharpoondown
\rightharpoonupdash
\dashrightharpoondown
\updownharpoonsleftright
\downupharpoonsleftright
\rightimply
\equalrightarrow
\similarrightarrow
\leftarrowsimilar
\rightarrowsimilar
\rightarrowapprox
\ltlarr
\leftarrowless
\gtrarr
\subrarr
\leftarrowsubset
\suplarr
\leftfishtail
\rightfishtail
\upfishtail
\downfishtail
\Vvert
\mdsmblkcircle
\typecolon
\lBrace
\rBrace
\lParen
\rParen
\llparenthesis
\rrparenthesis
\llangle
\rrangle
\lbrackubar
\rbrackubar
\lbrackultick
\rbracklrtick
\lbracklltick
\rbrackurtick
\langledot
\rangledot
\lparenless
\rparengtr
\Lparengtr
\Rparenless
\lblkbrbrak
\rblkbrbrak
\fourvdots
\vzigzag
\measuredangleleft
\rightanglesqr
\rightanglemdot
\angles
\angdnr
\gtlpar
\sphericalangleup
\turnangle
\revangle
\angleubar
\revangleubar
\wideangledown
\wideangleup
\measanglerutone
\measanglelutonw
\measanglerdtose
\measangleldtosw
\measangleurtone
\measangleultonw
\measangledrtose
\measangledltosw
\revemptyset
\emptysetobar
\emptysetocirc
\emptysetoarr
\emptysetoarrl
\circlehbar
\circledvert
\circledparallel
\obslash
\operp
\obot
\olcross
\odotslashdot
\uparrowoncircle
\circledwhitebullet
\circledbullet
\olessthan
\ogreaterthan
\cirscir
\cirE
\boxdiag
\boxbslash
\boxast
\boxcircle
\boxbox
\boxonbox
\triangleodot
\triangleubar
\triangles
\triangleserifs
\rtriltri
\ltrivb
\vbrtri
\lfbowtie
\rfbowtie
\fbowtie
\lftimes
\rftimes
\hourglass
\blackhourglass
\lvzigzag
\rvzigzag
\Lvzigzag
\Rvzigzag
\iinfin
\tieinfty
\nvinfty
\dualmap
\laplac
\lrtriangleeq
\shuffle
\eparsl
\smeparsl
\eqvparsl
\gleichstark
\thermod
\downtriangleleftblack
\downtrianglerightblack
\blackdiamonddownarrow
\mdlgblklozenge
\circledownarrow
\blackcircledownarrow
\errbarsquare
\errbarblacksquare
\errbardiamond
\errbarblackdiamond
\errbarcircle
\errbarblackcircle
\ruledelayed
\setminus
\dsol
\rsolbar
\xsol
\xbsol
\doubleplus
\tripleplus
\lcurvyangle
\rcurvyangle
\tplus
\tminus
\bigodot
\bigoplus
\bigotimes
\bigcupdot
\biguplus
\bigsqcap
\bigsqcup
\conjquant
\disjquant
\bigtimes
\modtwosum
\sumint
\iiiint
\intbar
\intBar
\fint
\cirfnint
\awint
\rppolint
\scpolint
\npolint
\pointint
\sqint
\intlarhk
\intx
\intcap
\intcup
\upint
\lowint
\Join
\bigtriangleleft
\zcmp
\zpipe
\zproject
\ringplus
\plushat
\simplus
\plusdot
\plussim
\plussubtwo
\plustrif
\commaminus
\minusdot
\minusfdots
\minusrdots
\opluslhrim
\oplusrhrim
\vectimes
\dottimes
\timesbar
\btimes
\smashtimes
\otimeslhrim
\otimesrhrim
\otimeshat
\Otimes
\odiv
\triangleplus
\triangleminus
\triangletimes
\intprod
\intprodr
\fcmp
\amalg
\capdot
\uminus
\barcup
\barcap
\capwedge
\cupvee
\cupovercap
\capovercup
\cupbarcap
\capbarcup
\twocups
\twocaps
\closedvarcup
\closedvarcap
\Sqcap
\Sqcup
\closedvarcupsmashprod
\wedgeodot
\veeodot
\Wedge
\Vee
\wedgeonwedge
\veeonvee
\bigslopedvee
\bigslopedwedge
\veeonwedge
\wedgemidvert
\veemidvert
\midbarwedge
\midbarvee
\doublebarwedge
\wedgebar
\wedgedoublebar
\varveebar
\doublebarvee
\veedoublebar
\dsub
\rsub
\eqdot
\dotequiv
\equivVert
\equivVvert
\dotsim
\simrdots
\simminussim
\congdot
\asteq
\hatapprox
\approxeqq
\eqqplus
\pluseqq
\eqqsim
\Coloneq
\eqeq
\eqeqeq
\ddotseq
\equivDD
\ltcir
\gtcir
\ltquest
\gtquest
\leqslant
\geqslant
\lesdot
\gesdot
\lesdoto
\gesdoto
\lesdotor
\gesdotol
\lessapprox
\gtrapprox
\lneq
\gneq
\lnapprox
\gnapprox
\lesseqqgtr
\gtreqqless
\lsime
\gsime
\lsimg
\gsiml
\lgE
\glE
\lesges
\gesles
\eqslantless
\eqslantgtr
\elsdot
\egsdot
\eqqless
\eqqgtr
\eqqslantless
\eqqslantgtr
\simless
\simgtr
\simlE
\simgE
\Lt
\Gt
\partialmeetcontraction
\glj
\gla
\ltcc
\gtcc
\lescc
\gescc
\smt
\lat
\smte
\late
\bumpeqq
\preceq
\succeq
\precneq
\succneq
\preceqq
\succeqq
\precneqq
\succneqq
\precapprox
\succapprox
\precnapprox
\succnapprox
\Prec
\Succ
\subsetdot
\supsetdot
\subsetplus
\supsetplus
\submult
\supmult
\subedot
\supedot
\subseteqq
\supseteqq
\subsim
\supsim
\subsetapprox
\supsetapprox
\subsetneqq
\supsetneqq
\lsqhook
\rsqhook
\csub
\csup
\csube
\csupe
\subsup
\supsub
\subsub
\supsup
\suphsub
\supdsub
\forkv
\topfork
\mlcp
\forks
\forksnot
\shortlefttack
\shortdowntack
\shortuptack
\perps
\vDdash
\dashV
\Dashv
\DashV
\varVdash
\Barv
\vBar
\vBarv
\barV
\Vbar
\Not
\bNot
\revnmid
\cirmid
\midcir
\topcir
\nhpar
\parsim
\interleave
\nhVvert
\threedotcolon
\lllnest
\gggnest
\leqqslant
\geqqslant
\trslash
\biginterleave
\sslash
\talloblong
\bigtalloblong
\squaretopblack
\squarebotblack
\squareurblack
\squarellblack
\diamondleftblack
\diamondrightblack
\diamondtopblack
\diamondbotblack
\dottedsquare
\lgblksquare
\lgwhtsquare
\vysmblksquare
\vysmwhtsquare
\pentagonblack
\pentagon
\varhexagon
\varhexagonblack
\hexagonblack
\lgblkcircle
\mdblkdiamond
\mdwhtdiamond
\mdblklozenge
\mdwhtlozenge
\smblkdiamond
\smblklozenge
\smwhtlozenge
\blkhorzoval
\whthorzoval
\blkvertoval
\whtvertoval
\circleonleftarrow
\leftthreearrows
\leftarrowonoplus
\longleftsquigarrow
\nvtwoheadleftarrow
\nVtwoheadleftarrow
\twoheadmapsfrom
\twoheadleftdbkarrow
\leftdotarrow
\nvleftarrowtail
\nVleftarrowtail
\twoheadleftarrowtail
\nvtwoheadleftarrowtail
\nVtwoheadleftarrowtail
\leftarrowx
\leftcurvedarrow
\equalleftarrow
\bsimilarleftarrow
\leftarrowbackapprox
\rightarrowgtr
\rightarrowsupset
\LLeftarrow
\RRightarrow
\bsimilarrightarrow
\rightarrowbackapprox
\similarleftarrow
\leftarrowapprox
\leftarrowbsimilar
\rightarrowbsimilar
\medwhitestar
\medblackstar
\smwhitestar
\rightpentagonblack
\rightpentagon
\postalmark
\lbrbrak
\rbrbrak
\Lbrbrak
\Rbrbrak
\hzigzag
\mbfA
\mbfB
\mbfC
\mbfD
\mbfE
\mbfF
\mbfG
\mbfH
\mbfI
\mbfJ
\mbfK
\mbfL
\mbfM
\mbfN
\mbfO
\mbfP
\mbfQ
\mbfR
\mbfS
\mbfT
\mbfU
\mbfV
\mbfW
\mbfX
\mbfY
\mbfZ
\mbfa
\mbfb
\mbfc
\mbfd
\mbfe
\mbff
\mbfg
\mbfh
\mbfi
\mbfj
\mbfk
\mbfl
\mbfm
\mbfn
\mbfo
\mbfp
\mbfq
\mbfr
\mbfs
\mbft
\mbfu
\mbfv
\mbfw
\mbfx
\mbfy
\mbfz
\mitA
\mitB
\mitC
\mitD
\mitE
\mitF
\mitG
\mitH
\mitI
\mitJ
\mitK
\mitL
\mitM
\mitN
\mitO
\mitP
\mitQ
\mitR
\mitS
\mitT
\mitU
\mitV
\mitW
\mitX
\mitY
\mitZ
\mita
\mitb
\mitc
\mitd
\mite
\mitf
\mitg
\miti
\mitj
\mitk
\mitl
\mitm
\mitn
\mito
\mitp
\mitq
\mitr
\mits
\mitt
\mitu
\mitv
\mitw
\mitx
\mity
\mitz
\mbfitA
\mbfitB
\mbfitC
\mbfitD
\mbfitE
\mbfitF
\mbfitG
\mbfitH
\mbfitI
\mbfitJ
\mbfitK
\mbfitL
\mbfitM
\mbfitN
\mbfitO
\mbfitP
\mbfitQ
\mbfitR
\mbfitS
\mbfitT
\mbfitU
\mbfitV
\mbfitW
\mbfitX
\mbfitY
\mbfitZ
\mbfita
\mbfitb
\mbfitc
\mbfitd
\mbfite
\mbfitf
\mbfitg
\mbfith
\mbfiti
\mbfitj
\mbfitk
\mbfitl
\mbfitm
\mbfitn
\mbfito
\mbfitp
\mbfitq
\mbfitr
\mbfits
\mbfitt
\mbfitu
\mbfitv
\mbfitw
\mbfitx
\mbfity
\mbfitz
\mscrA
\mscrC
\mscrD
\mscrG
\mscrJ
\mscrK
\mscrN
\mscrO
\mscrP
\mscrQ
\mscrS
\mscrT
\mscrU
\mscrV
\mscrW
\mscrX
\mscrY
\mscrZ
\mscra
\mscrb
\mscrc
\mscrd
\mscrf
\mscrh
\mscri
\mscrj
\mscrk
\mscrl
\mscrm
\mscrn
\mscrp
\mscrq
\mscrr
\mscrs
\mscrt
\mscru
\mscrv
\mscrw
\mscrx
\mscry
\mscrz
\mbfscrA
\mbfscrB
\mbfscrC
\mbfscrD
\mbfscrE
\mbfscrF
\mbfscrG
\mbfscrH
\mbfscrI
\mbfscrJ
\mbfscrK
\mbfscrL
\mbfscrM
\mbfscrN
\mbfscrO
\mbfscrP
\mbfscrQ
\mbfscrR
\mbfscrS
\mbfscrT
\mbfscrU
\mbfscrV
\mbfscrW
\mbfscrX
\mbfscrY
\mbfscrZ
\mbfscra
\mbfscrb
\mbfscrc
\mbfscrd
\mbfscre
\mbfscrf
\mbfscrg
\mbfscrh
\mbfscri
\mbfscrj
\mbfscrk
\mbfscrl
\mbfscrm
\mbfscrn
\mbfscro
\mbfscrp
\mbfscrq
\mbfscrr
\mbfscrs
\mbfscrt
\mbfscru
\mbfscrv
\mbfscrw
\mbfscrx
\mbfscry
\mbfscrz
\mfrakA
\mfrakB
\mfrakD
\mfrakE
\mfrakF
\mfrakG
\mfrakJ
\mfrakK
\mfrakL
\mfrakM
\mfrakN
\mfrakO
\mfrakP
\mfrakQ
\mfrakS
\mfrakT
\mfrakU
\mfrakV
\mfrakW
\mfrakX
\mfrakY
\mfraka
\mfrakb
\mfrakc
\mfrakd
\mfrake
\mfrakf
\mfrakg
\mfrakh
\mfraki
\mfrakj
\mfrakk
\mfrakl
\mfrakm
\mfrakn
\mfrako
\mfrakp
\mfrakq
\mfrakr
\mfraks
\mfrakt
\mfraku
\mfrakv
\mfrakw
\mfrakx
\mfraky
\mfrakz
\BbbA
\BbbB
\BbbD
\BbbE
\BbbF
\BbbG
\BbbI
\BbbJ
\BbbK
\BbbL
\BbbM
\BbbO
\BbbS
\BbbT
\BbbU
\BbbV
\BbbW
\BbbX
\BbbY
\Bbba
\Bbbb
\Bbbc
\Bbbd
\Bbbe
\Bbbf
\Bbbg
\Bbbh
\Bbbi
\Bbbj
\Bbbk
\Bbbl
\Bbbm
\Bbbn
\Bbbo
\Bbbp
\Bbbq
\Bbbr
\Bbbs
\Bbbt
\Bbbu
\Bbbv
\Bbbw
\Bbbx
\Bbby
\Bbbz
\mbffrakA
\mbffrakB
\mbffrakC
\mbffrakD
\mbffrakE
\mbffrakF
\mbffrakG
\mbffrakH
\mbffrakI
\mbffrakJ
\mbffrakK
\mbffrakL
\mbffrakM
\mbffrakN
\mbffrakO
\mbffrakP
\mbffrakQ
\mbffrakR
\mbffrakS
\mbffrakT
\mbffrakU
\mbffrakV
\mbffrakW
\mbffrakX
\mbffrakY
\mbffrakZ
\mbffraka
\mbffrakb
\mbffrakc
\mbffrakd
\mbffrake
\mbffrakf
\mbffrakg
\mbffrakh
\mbffraki
\mbffrakj
\mbffrakk
\mbffrakl
\mbffrakm
\mbffrakn
\mbffrako
\mbffrakp
\mbffrakq
\mbffrakr
\mbffraks
\mbffrakt
\mbffraku
\mbffrakv
\mbffrakw
\mbffrakx
\mbffraky
\mbffrakz
\msansA
\msansB
\msansC
\msansD
\msansE
\msansF
\msansG
\msansH
\msansI
\msansJ
\msansK
\msansL
\msansM
\msansN
\msansO
\msansP
\msansQ
\msansR
\msansS
\msansT
\msansU
\msansV
\msansW
\msansX
\msansY
\msansZ
\msansa
\msansb
\msansc
\msansd
\msanse
\msansf
\msansg
\msansh
\msansi
\msansj
\msansk
\msansl
\msansm
\msansn
\msanso
\msansp
\msansq
\msansr
\msanss
\msanst
\msansu
\msansv
\msansw
\msansx
\msansy
\msansz
\mbfsansA
\mbfsansB
\mbfsansC
\mbfsansD
\mbfsansE
\mbfsansF
\mbfsansG
\mbfsansH
\mbfsansI
\mbfsansJ
\mbfsansK
\mbfsansL
\mbfsansM
\mbfsansN
\mbfsansO
\mbfsansP
\mbfsansQ
\mbfsansR
\mbfsansS
\mbfsansT
\mbfsansU
\mbfsansV
\mbfsansW
\mbfsansX
\mbfsansY
\mbfsansZ
\mbfsansa
\mbfsansb
\mbfsansc
\mbfsansd
\mbfsanse
\mbfsansf
\mbfsansg
\mbfsansh
\mbfsansi
\mbfsansj
\mbfsansk
\mbfsansl
\mbfsansm
\mbfsansn
\mbfsanso
\mbfsansp
\mbfsansq
\mbfsansr
\mbfsanss
\mbfsanst
\mbfsansu
\mbfsansv
\mbfsansw
\mbfsansx
\mbfsansy
\mbfsansz
\mitsansA
\mitsansB
\mitsansC
\mitsansD
\mitsansE
\mitsansF
\mitsansG
\mitsansH
\mitsansI
\mitsansJ
\mitsansK
\mitsansL
\mitsansM
\mitsansN
\mitsansO
\mitsansP
\mitsansQ
\mitsansR
\mitsansS
\mitsansT
\mitsansU
\mitsansV
\mitsansW
\mitsansX
\mitsansY
\mitsansZ
\mitsansa
\mitsansb
\mitsansc
\mitsansd
\mitsanse
\mitsansf
\mitsansg
\mitsansh
\mitsansi
\mitsansj
\mitsansk
\mitsansl
\mitsansm
\mitsansn
\mitsanso
\mitsansp
\mitsansq
\mitsansr
\mitsanss
\mitsanst
\mitsansu
\mitsansv
\mitsansw
\mitsansx
\mitsansy
\mitsansz
\mbfitsansA
\mbfitsansB
\mbfitsansC
\mbfitsansD
\mbfitsansE
\mbfitsansF
\mbfitsansG
\mbfitsansH
\mbfitsansI
\mbfitsansJ
\mbfitsansK
\mbfitsansL
\mbfitsansM
\mbfitsansN
\mbfitsansO
\mbfitsansP
\mbfitsansQ
\mbfitsansR
\mbfitsansS
\mbfitsansT
\mbfitsansU
\mbfitsansV
\mbfitsansW
\mbfitsansX
\mbfitsansY
\mbfitsansZ
\mbfitsansa
\mbfitsansb
\mbfitsansc
\mbfitsansd
\mbfitsanse
\mbfitsansf
\mbfitsansg
\mbfitsansh
\mbfitsansi
\mbfitsansj
\mbfitsansk
\mbfitsansl
\mbfitsansm
\mbfitsansn
\mbfitsanso
\mbfitsansp
\mbfitsansq
\mbfitsansr
\mbfitsanss
\mbfitsanst
\mbfitsansu
\mbfitsansv
\mbfitsansw
\mbfitsansx
\mbfitsansy
\mbfitsansz
\mttA
\mttB
\mttC
\mttD
\mttE
\mttF
\mttG
\mttH
\mttI
\mttJ
\mttK
\mttL
\mttM
\mttN
\mttO
\mttP
\mttQ
\mttR
\mttS
\mttT
\mttU
\mttV
\mttW
\mttX
\mttY
\mttZ
\mtta
\mttb
\mttc
\mttd
\mtte
\mttf
\mttg
\mtth
\mtti
\mttj
\mttk
\mttl
\mttm
\mttn
\mtto
\mttp
\mttq
\mttr
\mtts
\mttt
\mttu
\mttv
\mttw
\mttx
\mtty
\mttz
\imath
\jmath
\mbfAlpha
\mbfBeta
\mbfGamma
\mbfDelta
\mbfEpsilon
\mbfZeta
\mbfEta
\mbfTheta
\mbfIota
\mbfKappa
\mbfLambda
\mbfMu
\mbfNu
\mbfXi
\mbfOmicron
\mbfPi
\mbfRho
\mbfvarTheta
\mbfSigma
\mbfTau
\mbfUpsilon
\mbfPhi
\mbfChi
\mbfPsi
\mbfOmega
\mbfnabla
\mbfalpha
\mbfbeta
\mbfgamma
\mbfdelta
\mbfepsilon
\mbfzeta
\mbfeta
\mbftheta
\mbfiota
\mbfkappa
\mbflambda
\mbfmu
\mbfnu
\mbfxi
\mbfomicron
\mbfpi
\mbfrho
\mbfvarsigma
\mbfsigma
\mbftau
\mbfupsilon
\mbfvarphi
\mbfchi
\mbfpsi
\mbfomega
\mbfpartial
\mbfvarepsilon
\mbfvartheta
\mbfvarkappa
\mbfphi
\mbfvarrho
\mbfvarpi
\mitAlpha
\mitBeta
\mitGamma
\mitDelta
\mitEpsilon
\mitZeta
\mitEta
\mitTheta
\mitIota
\mitKappa
\mitLambda
\mitMu
\mitNu
\mitXi
\mitOmicron
\mitPi
\mitRho
\mitvarTheta
\mitSigma
\mitTau
\mitUpsilon
\mitPhi
\mitChi
\mitPsi
\mitOmega
\mitnabla
\mitalpha
\mitbeta
\mitgamma
\mitdelta
\mitepsilon
\mitzeta
\miteta
\mittheta
\mitiota
\mitkappa
\mitlambda
\mitmu
\mitnu
\mitxi
\mitomicron
\mitpi
\mitrho
\mitvarsigma
\mitsigma
\mittau
\mitupsilon
\mitphi
\mitchi
\mitpsi
\mitomega
\mitpartial
\mitvarepsilon
\mitvartheta
\mitvarkappa
\mitvarphi
\mitvarrho
\mitvarpi
\mbfitAlpha
\mbfitBeta
\mbfitGamma
\mbfitDelta
\mbfitEpsilon
\mbfitZeta
\mbfitEta
\mbfitTheta
\mbfitIota
\mbfitKappa
\mbfitLambda
\mbfitMu
\mbfitNu
\mbfitXi
\mbfitOmicron
\mbfitPi
\mbfitRho
\mbfitvarTheta
\mbfitSigma
\mbfitTau
\mbfitUpsilon
\mbfitPhi
\mbfitChi
\mbfitPsi
\mbfitOmega
\mbfitnabla
\mbfitalpha
\mbfitbeta
\mbfitgamma
\mbfitdelta
\mbfitepsilon
\mbfitzeta
\mbfiteta
\mbfittheta
\mbfitiota
\mbfitkappa
\mbfitlambda
\mbfitmu
\mbfitnu
\mbfitxi
\mbfitomicron
\mbfitpi
\mbfitrho
\mbfitvarsigma
\mbfitsigma
\mbfittau
\mbfitupsilon
\mbfitphi
\mbfitchi
\mbfitpsi
\mbfitomega
\mbfitpartial
\mbfitvarepsilon
\mbfitvartheta
\mbfitvarkappa
\mbfitvarphi
\mbfitvarrho
\mbfitvarpi
\mbfsansAlpha
\mbfsansBeta
\mbfsansGamma
\mbfsansDelta
\mbfsansEpsilon
\mbfsansZeta
\mbfsansEta
\mbfsansTheta
\mbfsansIota
\mbfsansKappa
\mbfsansLambda
\mbfsansMu
\mbfsansNu
\mbfsansXi
\mbfsansOmicron
\mbfsansPi
\mbfsansRho
\mbfsansvarTheta
\mbfsansSigma
\mbfsansTau
\mbfsansUpsilon
\mbfsansPhi
\mbfsansChi
\mbfsansPsi
\mbfsansOmega
\mbfsansnabla
\mbfsansalpha
\mbfsansbeta
\mbfsansgamma
\mbfsansdelta
\mbfsansepsilon
\mbfsanszeta
\mbfsanseta
\mbfsanstheta
\mbfsansiota
\mbfsanskappa
\mbfsanslambda
\mbfsansmu
\mbfsansnu
\mbfsansxi
\mbfsansomicron
\mbfsanspi
\mbfsansrho
\mbfsansvarsigma
\mbfsanssigma
\mbfsanstau
\mbfsansupsilon
\mbfsansphi
\mbfsanschi
\mbfsanspsi
\mbfsansomega
\mbfsanspartial
\mbfsansvarepsilon
\mbfsansvartheta
\mbfsansvarkappa
\mbfsansvarphi
\mbfsansvarrho
\mbfsansvarpi
\mbfitsansAlpha
\mbfitsansBeta
\mbfitsansGamma
\mbfitsansDelta
\mbfitsansEpsilon
\mbfitsansZeta
\mbfitsansEta
\mbfitsansTheta
\mbfitsansIota
\mbfitsansKappa
\mbfitsansLambda
\mbfitsansMu
\mbfitsansNu
\mbfitsansXi
\mbfitsansOmicron
\mbfitsansPi
\mbfitsansRho
\mbfitsansvarTheta
\mbfitsansSigma
\mbfitsansTau
\mbfitsansUpsilon
\mbfitsansPhi
\mbfitsansChi
\mbfitsansPsi
\mbfitsansOmega
\mbfitsansnabla
\mbfitsansalpha
\mbfitsansbeta
\mbfitsansgamma
\mbfitsansdelta
\mbfitsansepsilon
\mbfitsanszeta
\mbfitsanseta
\mbfitsanstheta
\mbfitsansiota
\mbfitsanskappa
\mbfitsanslambda
\mbfitsansmu
\mbfitsansnu
\mbfitsansxi
\mbfitsansomicron
\mbfitsanspi
\mbfitsansrho
\mbfitsansvarsigma
\mbfitsanssigma
\mbfitsanstau
\mbfitsansupsilon
\mbfitsansphi
\mbfitsanschi
\mbfitsanspsi
\mbfitsansomega
\mbfitsanspartial
\mbfitsansvarepsilon
\mbfitsansvartheta
\mbfitsansvarkappa
\mbfitsansvarphi
\mbfitsansvarrho
\mbfitsansvarpi
\mbfDigamma
\mbfdigamma
\mbfzero
\mbfone
\mbftwo
\mbfthree
\mbffour
\mbffive
\mbfsix
\mbfseven
\mbfeight
\mbfnine
\Bbbzero
\Bbbone
\Bbbtwo
\Bbbthree
\Bbbfour
\Bbbfive
\Bbbsix
\Bbbseven
\Bbbeight
\Bbbnine
\msanszero
\msansone
\msanstwo
\msansthree
\msansfour
\msansfive
\msanssix
\msansseven
\msanseight
\msansnine
\mbfsanszero
\mbfsansone
\mbfsanstwo
\mbfsansthree
\mbfsansfour
\mbfsansfive
\mbfsanssix
\mbfsansseven
\mbfsanseight
\mbfsansnine
\mttzero
\mttone
\mtttwo
\mttthree
\mttfour
\mttfive
\mttsix
\mttseven
\mtteight
\mttnine
