\accurrent
\acidfree
\acute
\acwcirclearrow
\acwgapcirclearrow
\acwleftarcarrow
\acwopencirclearrow
\acwoverarcarrow
\acwunderarcarrow
\adots
\aleph
\amalg
\ampersand
\angdnr
\angle
\angles
\angleubar
\Angstrom
\annuity
\APLboxquestion
\APLboxupcaret
\APLnotbackslash
\APLnotslash
\approx
\approxeq
\approxeqq
\approxident
\arceq
\assert
\ast
\asteq
\asteraccent
\astrosun
\asymp
\atsign
\awint
\backcong
\backdprime
\backprime
\backsim
\backsimeq
\backslash
\backtrprime
\bagmember
\bar
\barcap
\barcup
\bardownharpoonleft
\bardownharpoonright
\barleftarrow
\barleftarrowrightarrowba
\barleftharpoondown
\barleftharpoonup
\barovernorthwestarrow
\barrightarrowdiamond
\barrightharpoondown
\barrightharpoonup
\baruparrow
\barupharpoonleft
\barupharpoonright
\Barv
\barV
\barvee
\barwedge
\BbbA
\Bbba
\BbbB
\Bbbb
\BbbC
\Bbbc
\BbbD
\Bbbd
\BbbE
\Bbbe
\Bbbeight
\BbbF
\Bbbf
\Bbbfive
\Bbbfour
\BbbG
\Bbbg
\BbbGamma
\Bbbgamma
\BbbH
\Bbbh
\BbbI
\Bbbi
\BbbJ
\Bbbj
\BbbK
\Bbbk
\BbbL
\Bbbl
\BbbM
\Bbbm
\BbbN
\Bbbn
\Bbbnine
\BbbO
\Bbbo
\Bbbone
\BbbP
\Bbbp
\BbbPi
\Bbbpi
\BbbQ
\Bbbq
\BbbR
\Bbbr
\BbbS
\Bbbs
\Bbbseven
\Bbbsix
\Bbbsum
\BbbT
\Bbbt
\Bbbthree
\Bbbtwo
\BbbU
\Bbbu
\BbbV
\Bbbv
\BbbW
\Bbbw
\BbbX
\Bbbx
\BbbY
\Bbby
\BbbZ
\Bbbz
\Bbbzero
\bbrktbrk
\bdtriplevdash
\because
\benzenr
\beth
\between
\bigblacktriangledown
\bigblacktriangleup
\bigbot
\bigcap
\bigcup
\bigcupdot
\biginterleave
\bigodot
\bigoplus
\bigotimes
\bigslopedvee
\bigslopedwedge
\bigsqcap
\bigsqcup
\bigstar
\bigtalloblong
\bigtimes
\bigtop
\bigtriangledown
\bigtriangleleft
\bigtriangleup
\biguplus
\bigvee
\bigwedge
\bigwhitestar
\blackcircledownarrow
\blackcircledrightdot
\blackcircledtwodots
\blackcircleulquadwhite
\blackdiamonddownarrow
\blackhourglass
\blackinwhitediamond
\blackinwhitesquare
\blacklefthalfcircle
\blackpointerleft
\blackpointerright
\blackrighthalfcircle
\blacksmiley
\blacktriangle
\blacktriangledown
\blacktriangleleft
\blacktriangleright
\blkhorzoval
\blkvertoval
\blockfull
\blockhalfshaded
\blocklefthalf
\blocklowhalf
\blockqtrshaded
\blockrighthalf
\blockthreeqtrshaded
\blockuphalf
\bNot
\bot
\botsemicircle
\bowtie
\boxast
\boxbar
\boxbox
\boxbslash
\boxcircle
\boxdiag
\boxdot
\boxminus
\boxonbox
\boxplus
\boxtimes
\breve
\bsimilarleftarrow
\bsimilarrightarrow
\bsolhsub
\btimes
\bullseye
\Bumpeq
\bumpeq
\bumpeqq
\candra
\Cap
\cap
\capbarcup
\capdot
\capovercup
\capwedge
\caretinsert
\carriagereturn
\ccwundercurvearrow
\cdot
\cdotp
\check
\checkmark
\cirbot
\circeq
\circlebottomhalfblack
\circledast
\circledbullet
\circledcirc
\circleddash
\circledequal
\circledownarrow
\circledparallel
\circledrightdot
\circledstar
\circledtwodots
\circledvert
\circledwhitebullet
\circlehbar
\circlelefthalfblack
\circlellquad
\circlelrquad
\circleonleftarrow
\circleonrightarrow
\circlerighthalfblack
\circletophalfblack
\circleulquad
\circleurquad
\circleurquadblack
\circlevertfill
\cirE
\cirfnint
\cirmid
\cirscir
\closedvarcap
\closedvarcup
\closedvarcupsmashprod
\closure
\clubsuit
\Colon
\Coloneq
\coloneq
\comma
\commaminus
\complement
\concavediamond
\concavediamondtickleft
\concavediamondtickright
\cong
\congdot
\conictaper
\conjquant
\coprod
\csub
\csube
\csup
\csupe
\cuberoot
\Cup
\cup
\cupbarcap
\cupdot
\cupleftarrow
\cupovercap
\cupvee
\curlyeqprec
\curlyeqsucc
\curlyvee
\curlywedge
\curvearrowleft
\curvearrowleftplus
\curvearrowright
\curvearrowrightminus
\cwcirclearrow
\cwgapcirclearrow
\cwopencirclearrow
\cwrightarcarrow
\cwundercurvearrow
\dagger
\daleth
\danger
\dashcolon
\dashleftharpoondown
\dashrightharpoondown
\DashV
\Dashv
\dashV
\dashv
\DashVDash
\dashVdash
\dbkarow
\ddagger
\ddddot
\dddot
\ddot
\ddots
\ddotseq
\DDownarrow
\Ddownarrow
\diameter
\diamondbotblack
\diamondcdot
\diamondleftarrow
\diamondleftarrowbar
\diamondleftblack
\diamondrightblack
\diamondsuit
\diamondtopblack
\dicei
\diceii
\diceiii
\diceiv
\dicev
\dicevi
\dingasterisk
\disin
\disjquant
\div
\divideontimes
\divslash
\dot
\Doteq
\doteq
\dotequiv
\dotminus
\dotplus
\dotsim
\dotsminusdots
\dottedcircle
\dottedsquare
\dottimes
\doublebarvee
\doublebarwedge
\doubleplus
\Downarrow
\downarrow
\downarrowbar
\downarrowbarred
\downdasharrow
\downdownarrows
\downfishtail
\downharpoonleft
\downharpoonleftbar
\downharpoonright
\downharpoonrightbar
\downharpoonsleftright
\downrightcurvedarrow
\downtriangleleftblack
\downtrianglerightblack
\downuparrows
\downupharpoonsleftright
\downwhitearrow
\downzigzagarrow
\dprime
\draftingarrow
\drbkarow
\droang
\dsol
\dsub
\dualmap
\egsdot
\eighthnote
\elinters
\ell
\elsdot
\emptysetoarr
\emptysetoarrl
\emptysetobar
\emptysetocirc
\enclosecircle
\enclosediamond
\enclosesquare
\enclosetriangle
\enleadertwodots
\eparsl
\eqcirc
\eqcolon
\eqdef
\eqdot
\eqeq
\eqeqeq
\eqgtr
\eqless
\eqqgtr
\eqqless
\eqqplus
\eqqsim
\eqqslantgtr
\eqqslantless
\eqsim
\eqslantgtr
\eqslantless
\equal
\equalleftarrow
\equalparallel
\equalrightarrow
\Equiv
\equiv
\equivDD
\equivVert
\equivVvert
\eqvparsl
\errbarblackcircle
\errbarblackdiamond
\errbarblacksquare
\errbarcircle
\errbardiamond
\errbarsquare
\Eulerconst
\euro
\Exclam
\exclam
\exists
\fallingdotseq
\fbowtie
\fcmp
\fdiagovnearrow
\fdiagovrdiag
\female
\fint
\Finv
\fisheye
\flat
\fltns
\forall
\forks
\forksnot
\forkv
\fourthroot
\fourvdots
\fracslash
\frown
\fullouterjoin
\Game
\geq
\geqq
\geqqslant
\geqslant
\gescc
\gesdot
\gesdoto
\gesdotol
\gesles
\gg
\ggg
\gggnest
\gimel
\gla
\glE
\gleichstark
\glj
\gnapprox
\gneq
\gneqq
\gnsim
\grave
\greater
\gsime
\gsiml
\Gt
\gtcc
\gtcir
\gtlpar
\gtquest
\gtrapprox
\gtrarr
\gtrdot
\gtreqless
\gtreqqless
\gtrless
\gtrsim
\harrowextender
\hat
\hatapprox
\heartsuit
\Hermaphrodite
\hermitmatrix
\hexagon
\hexagonblack
\hknearrow
\hknwarrow
\hksearow
\hkswarow
\hookleftarrow
\hookrightarrow
\horizbar
\hourglass
\house
\hrectangle
\hrectangleblack
\hslash
\hyphenbullet
\hzigzag
\iiiint
\iiint
\iinfin
\iint
\Im
\imageof
\imath
\in
\increment
\infty
\int
\intBar
\intbar
\intbottom
\intcap
\intclockwise
\intcup
\intercal
\interleave
\intextender
\intlarhk
\intprod
\intprodr
\inttop
\intx
\inversebullet
\inversewhitecircle
\invlazys
\invnot
\invwhitelowerhalfcircle
\invwhiteupperhalfcircle
\isindot
\isinE
\isinobar
\isins
\isinvb
\jmath
\Join
\kernelcontraction
\lAngle
\langle
\langledot
\laplac
\lat
\late
\lbag
\lblkbrbrak
\lBrace
\lbrace
\lbracelend
\lbracemid
\lbraceuend
\lBrack
\lbrack
\lbrackextender
\lbracklend
\lbracklltick
\lbrackubar
\lbrackuend
\lbrackultick
\Lbrbrak
\Lbrbrak
\lbrbrak
\lbrbrak
\lceil
\lcurvyangle
\Ldsh
\Leftarrow
\leftarrow
\leftarrowapprox
\leftarrowbackapprox
\leftarrowbsimilar
\leftarrowless
\leftarrowonoplus
\leftarrowplus
\leftarrowshortrightarrow
\leftarrowsimilar
\leftarrowsubset
\leftarrowtail
\leftarrowtriangle
\leftarrowx
\leftbkarrow
\leftcurvedarrow
\leftdasharrow
\leftdbkarrow
\leftdbltail
\leftdotarrow
\leftdowncurvedarrow
\leftfishtail
\leftharpoonaccent
\leftharpoondown
\leftharpoondownbar
\leftharpoonsupdown
\leftharpoonup
\leftharpoonupbar
\leftharpoonupdash
\leftleftarrows
\leftmoon
\leftouterjoin
\Leftrightarrow
\leftrightarrow
\leftrightarrowcircle
\leftrightarrows
\leftrightarrowtriangle
\leftrightharpoondowndown
\leftrightharpoondownup
\leftrightharpoons
\leftrightharpoonsdown
\leftrightharpoonsup
\leftrightharpoonupdown
\leftrightharpoonupup
\leftrightsquigarrow
\leftsquigarrow
\lefttail
\leftthreearrows
\leftthreetimes
\leftwavearrow
\leftwhitearrow
\leq
\leqq
\leqqslant
\leqslant
\lescc
\lesdot
\lesdoto
\lesdotor
\lesges
\less
\lessapprox
\lessdot
\lesseqgtr
\lesseqqgtr
\lessgtr
\lesssim
\lfbowtie
\lfloor
\lftimes
\lgblkcircle
\lgblksquare
\lgE
\lgwhtcircle
\lgwhtsquare
\linefeed
\ll
\llangle
\llarc
\llblacktriangle
\llcorner
\LLeftarrow
\Lleftarrow
\lll
\lllnest
\llparenthesis
\lltriangle
\lmoustache
\lnapprox
\lneq
\lneqq
\lnsim
\longdashv
\longdivision
\Longleftarrow
\longleftarrow
\Longleftrightarrow
\longleftrightarrow
\longleftsquigarrow
\Longmapsfrom
\longmapsfrom
\Longmapsto
\longmapsto
\Longrightarrow
\longrightarrow
\longrightsquigarrow
\looparrowleft
\looparrowright
\lowint
\lozengeminus
\lParen
\lparen
\lparenextender
\Lparengtr
\lparenlend
\lparenless
\lparenuend
\lrarc
\lrblacktriangle
\lrcorner
\lrtriangle
\lrtriangleeq
\Lsh
\lsime
\lsimg
\lsqhook
\Lt
\ltcc
\ltcir
\ltimes
\ltlarr
\ltquest
\ltrivb
\lvboxline
\Lvzigzag
\lvzigzag
\male
\maltese
\mapsdown
\Mapsfrom
\mapsfrom
\Mapsto
\mapsto
\mapsup
\mathcolon
\mathdollar
\mathratio
\mbfA
\mbfa
\mbfAlpha
\mbfalpha
\mbfB
\mbfb
\mbfBeta
\mbfbeta
\mbfC
\mbfc
\mbfChi
\mbfchi
\mbfD
\mbfd
\mbfDelta
\mbfdelta
\mbfDigamma
\mbfdigamma
\mbfE
\mbfe
\mbfeight
\mbfEpsilon
\mbfepsilon
\mbfEta
\mbfeta
\mbfF
\mbff
\mbffive
\mbffour
\mbffrakA
\mbffraka
\mbffrakB
\mbffrakb
\mbffrakC
\mbffrakc
\mbffrakD
\mbffrakd
\mbffrakE
\mbffrake
\mbffrakF
\mbffrakf
\mbffrakG
\mbffrakg
\mbffrakH
\mbffrakh
\mbffrakI
\mbffraki
\mbffrakJ
\mbffrakj
\mbffrakK
\mbffrakk
\mbffrakL
\mbffrakl
\mbffrakM
\mbffrakm
\mbffrakN
\mbffrakn
\mbffrakO
\mbffrako
\mbffrakP
\mbffrakp
\mbffrakQ
\mbffrakq
\mbffrakR
\mbffrakr
\mbffrakS
\mbffraks
\mbffrakT
\mbffrakt
\mbffrakU
\mbffraku
\mbffrakV
\mbffrakv
\mbffrakW
\mbffrakw
\mbffrakX
\mbffrakx
\mbffrakY
\mbffraky
\mbffrakZ
\mbffrakz
\mbfG
\mbfg
\mbfGamma
\mbfgamma
\mbfH
\mbfh
\mbfI
\mbfi
\mbfIota
\mbfiota
\mbfitA
\mbfita
\mbfitAlpha
\mbfitalpha
\mbfitB
\mbfitb
\mbfitBeta
\mbfitbeta
\mbfitC
\mbfitc
\mbfitChi
\mbfitchi
\mbfitD
\mbfitd
\mbfitDelta
\mbfitdelta
\mbfitE
\mbfite
\mbfitEpsilon
\mbfitepsilon
\mbfitEta
\mbfiteta
\mbfitF
\mbfitf
\mbfitG
\mbfitg
\mbfitGamma
\mbfitgamma
\mbfitH
\mbfith
\mbfitI
\mbfiti
\mbfitIota
\mbfitiota
\mbfitJ
\mbfitj
\mbfitK
\mbfitk
\mbfitKappa
\mbfitkappa
\mbfitL
\mbfitl
\mbfitLambda
\mbfitlambda
\mbfitM
\mbfitm
\mbfitMu
\mbfitmu
\mbfitN
\mbfitn
\mbfitnabla
\mbfitNu
\mbfitnu
\mbfitO
\mbfito
\mbfitOmega
\mbfitomega
\mbfitOmicron
\mbfitomicron
\mbfitP
\mbfitp
\mbfitpartial
\mbfitPhi
\mbfitphi
\mbfitPi
\mbfitpi
\mbfitPsi
\mbfitpsi
\mbfitQ
\mbfitq
\mbfitR
\mbfitr
\mbfitRho
\mbfitrho
\mbfitS
\mbfits
\mbfitsansA
\mbfitsansa
\mbfitsansAlpha
\mbfitsansalpha
\mbfitsansB
\mbfitsansb
\mbfitsansBeta
\mbfitsansbeta
\mbfitsansC
\mbfitsansc
\mbfitsansChi
\mbfitsanschi
\mbfitsansD
\mbfitsansd
\mbfitsansDelta
\mbfitsansdelta
\mbfitsansE
\mbfitsanse
\mbfitsansEpsilon
\mbfitsansepsilon
\mbfitsansEta
\mbfitsanseta
\mbfitsansF
\mbfitsansf
\mbfitsansG
\mbfitsansg
\mbfitsansGamma
\mbfitsansgamma
\mbfitsansH
\mbfitsansh
\mbfitsansI
\mbfitsansi
\mbfitsansIota
\mbfitsansiota
\mbfitsansJ
\mbfitsansj
\mbfitsansK
\mbfitsansk
\mbfitsansKappa
\mbfitsanskappa
\mbfitsansL
\mbfitsansl
\mbfitsansLambda
\mbfitsanslambda
\mbfitsansM
\mbfitsansm
\mbfitsansMu
\mbfitsansmu
\mbfitsansN
\mbfitsansn
\mbfitsansnabla
\mbfitsansNu
\mbfitsansnu
\mbfitsansO
\mbfitsanso
\mbfitsansOmega
\mbfitsansomega
\mbfitsansOmicron
\mbfitsansomicron
\mbfitsansP
\mbfitsansp
\mbfitsanspartial
\mbfitsansPhi
\mbfitsansphi
\mbfitsansPi
\mbfitsanspi
\mbfitsansPsi
\mbfitsanspsi
\mbfitsansQ
\mbfitsansq
\mbfitsansR
\mbfitsansr
\mbfitsansRho
\mbfitsansrho
\mbfitsansS
\mbfitsanss
\mbfitsansSigma
\mbfitsanssigma
\mbfitsansT
\mbfitsanst
\mbfitsansTau
\mbfitsanstau
\mbfitsansTheta
\mbfitsanstheta
\mbfitsansU
\mbfitsansu
\mbfitsansUpsilon
\mbfitsansupsilon
\mbfitsansV
\mbfitsansv
\mbfitsansvarepsilon
\mbfitsansvarkappa
\mbfitsansvarphi
\mbfitsansvarpi
\mbfitsansvarrho
\mbfitsansvarsigma
\mbfitsansvarTheta
\mbfitsansvartheta
\mbfitsansW
\mbfitsansw
\mbfitsansX
\mbfitsansx
\mbfitsansXi
\mbfitsansxi
\mbfitsansY
\mbfitsansy
\mbfitsansZ
\mbfitsansz
\mbfitsansZeta
\mbfitsanszeta
\mbfitSigma
\mbfitsigma
\mbfitT
\mbfitt
\mbfitTau
\mbfittau
\mbfitTheta
\mbfittheta
\mbfitU
\mbfitu
\mbfitUpsilon
\mbfitupsilon
\mbfitV
\mbfitv
\mbfitvarepsilon
\mbfitvarkappa
\mbfitvarphi
\mbfitvarpi
\mbfitvarrho
\mbfitvarsigma
\mbfitvarTheta
\mbfitvartheta
\mbfitW
\mbfitw
\mbfitX
\mbfitx
\mbfitXi
\mbfitxi
\mbfitY
\mbfity
\mbfitZ
\mbfitz
\mbfitZeta
\mbfitzeta
\mbfJ
\mbfj
\mbfK
\mbfk
\mbfKappa
\mbfkappa
\mbfL
\mbfl
\mbfLambda
\mbflambda
\mbfM
\mbfm
\mbfMu
\mbfmu
\mbfN
\mbfn
\mbfnabla
\mbfnine
\mbfNu
\mbfnu
\mbfO
\mbfo
\mbfOmega
\mbfomega
\mbfOmicron
\mbfomicron
\mbfone
\mbfP
\mbfp
\mbfpartial
\mbfPhi
\mbfphi
\mbfPi
\mbfpi
\mbfPsi
\mbfpsi
\mbfQ
\mbfq
\mbfR
\mbfr
\mbfRho
\mbfrho
\mbfS
\mbfs
\mbfsansA
\mbfsansa
\mbfsansAlpha
\mbfsansalpha
\mbfsansB
\mbfsansb
\mbfsansBeta
\mbfsansbeta
\mbfsansC
\mbfsansc
\mbfsansChi
\mbfsanschi
\mbfsansD
\mbfsansd
\mbfsansDelta
\mbfsansdelta
\mbfsansE
\mbfsanse
\mbfsanseight
\mbfsansEpsilon
\mbfsansepsilon
\mbfsansEta
\mbfsanseta
\mbfsansF
\mbfsansf
\mbfsansfive
\mbfsansfour
\mbfsansG
\mbfsansg
\mbfsansGamma
\mbfsansgamma
\mbfsansH
\mbfsansh
\mbfsansI
\mbfsansi
\mbfsansIota
\mbfsansiota
\mbfsansJ
\mbfsansj
\mbfsansK
\mbfsansk
\mbfsansKappa
\mbfsanskappa
\mbfsansL
\mbfsansl
\mbfsansLambda
\mbfsanslambda
\mbfsansM
\mbfsansm
\mbfsansMu
\mbfsansmu
\mbfsansN
\mbfsansn
\mbfsansnabla
\mbfsansnine
\mbfsansNu
\mbfsansnu
\mbfsansO
\mbfsanso
\mbfsansOmega
\mbfsansomega
\mbfsansOmicron
\mbfsansomicron
\mbfsansone
\mbfsansP
\mbfsansp
\mbfsanspartial
\mbfsansPhi
\mbfsansphi
\mbfsansPi
\mbfsanspi
\mbfsansPsi
\mbfsanspsi
\mbfsansQ
\mbfsansq
\mbfsansR
\mbfsansr
\mbfsansRho
\mbfsansrho
\mbfsansS
\mbfsanss
\mbfsansseven
\mbfsansSigma
\mbfsanssigma
\mbfsanssix
\mbfsansT
\mbfsanst
\mbfsansTau
\mbfsanstau
\mbfsansTheta
\mbfsanstheta
\mbfsansthree
\mbfsanstwo
\mbfsansU
\mbfsansu
\mbfsansUpsilon
\mbfsansupsilon
\mbfsansV
\mbfsansv
\mbfsansvarepsilon
\mbfsansvarkappa
\mbfsansvarphi
\mbfsansvarpi
\mbfsansvarrho
\mbfsansvarsigma
\mbfsansvarTheta
\mbfsansvartheta
\mbfsansW
\mbfsansw
\mbfsansX
\mbfsansx
\mbfsansXi
\mbfsansxi
\mbfsansY
\mbfsansy
\mbfsansZ
\mbfsansz
\mbfsanszero
\mbfsansZeta
\mbfsanszeta
\mbfscrA
\mbfscra
\mbfscrB
\mbfscrb
\mbfscrC
\mbfscrc
\mbfscrD
\mbfscrd
\mbfscrE
\mbfscre
\mbfscrF
\mbfscrf
\mbfscrG
\mbfscrg
\mbfscrH
\mbfscrh
\mbfscrI
\mbfscri
\mbfscrJ
\mbfscrj
\mbfscrK
\mbfscrk
\mbfscrL
\mbfscrl
\mbfscrM
\mbfscrm
\mbfscrN
\mbfscrn
\mbfscrO
\mbfscro
\mbfscrP
\mbfscrp
\mbfscrQ
\mbfscrq
\mbfscrR
\mbfscrr
\mbfscrS
\mbfscrs
\mbfscrT
\mbfscrt
\mbfscrU
\mbfscru
\mbfscrV
\mbfscrv
\mbfscrW
\mbfscrw
\mbfscrX
\mbfscrx
\mbfscrY
\mbfscry
\mbfscrZ
\mbfscrz
\mbfseven
\mbfSigma
\mbfsigma
\mbfsix
\mbfT
\mbft
\mbfTau
\mbftau
\mbfTheta
\mbftheta
\mbfthree
\mbftwo
\mbfU
\mbfu
\mbfUpsilon
\mbfupsilon
\mbfV
\mbfv
\mbfvarepsilon
\mbfvarkappa
\mbfvarphi
\mbfvarpi
\mbfvarrho
\mbfvarsigma
\mbfvarTheta
\mbfvartheta
\mbfW
\mbfw
\mbfX
\mbfx
\mbfXi
\mbfxi
\mbfY
\mbfy
\mbfZ
\mbfz
\mbfzero
\mbfZeta
\mbfzeta
\mdblkcircle
\mdblkdiamond
\mdblklozenge
\mdblksquare
\mdlgblkcircle
\mdlgblkdiamond
\mdlgblklozenge
\mdlgblksquare
\mdlgwhtcircle
\mdlgwhtdiamond
\mdlgwhtlozenge
\mdlgwhtsquare
\mdsmblkcircle
\mdsmblksquare
\mdsmwhtcircle
\mdsmwhtsquare
\mdwhtcircle
\mdwhtdiamond
\mdwhtlozenge
\mdwhtsquare
\measangledltosw
\measangledrtose
\measangleldtosw
\measanglelutonw
\measanglerdtose
\measanglerutone
\measangleultonw
\measangleurtone
\measeq
\measuredangle
\measuredangleleft
\measuredrightangle
\medblackstar
\medwhitestar
\mfrakA
\mfraka
\mfrakB
\mfrakb
\mfrakC
\mfrakc
\mfrakD
\mfrakd
\mfrakE
\mfrake
\mfrakF
\mfrakf
\mfrakG
\mfrakg
\mfrakH
\mfrakh
\mfraki
\mfrakJ
\mfrakj
\mfrakK
\mfrakk
\mfrakL
\mfrakl
\mfrakM
\mfrakm
\mfrakN
\mfrakn
\mfrakO
\mfrako
\mfrakP
\mfrakp
\mfrakQ
\mfrakq
\mfrakr
\mfrakS
\mfraks
\mfrakT
\mfrakt
\mfrakU
\mfraku
\mfrakV
\mfrakv
\mfrakW
\mfrakw
\mfrakX
\mfrakx
\mfrakY
\mfraky
\mfrakZ
\mfrakz
\mho
\mid
\midbarvee
\midbarwedge
\midcir
\minus
\minusdot
\minusfdots
\minusrdots
\mitA
\mita
\mitAlpha
\mitalpha
\mitB
\mitb
\mitBbbD
\mitBbbd
\mitBbbe
\mitBbbi
\mitBbbj
\mitBeta
\mitbeta
\mitC
\mitc
\mitChi
\mitchi
\mitD
\mitd
\mitDelta
\mitdelta
\mitE
\mite
\mitEpsilon
\mitepsilon
\mitEta
\miteta
\mitF
\mitf
\mitG
\mitg
\mitGamma
\mitgamma
\mitH
\mitI
\miti
\mitIota
\mitiota
\mitJ
\mitj
\mitK
\mitk
\mitKappa
\mitkappa
\mitL
\mitl
\mitLambda
\mitlambda
\mitM
\mitm
\mitMu
\mitmu
\mitN
\mitn
\mitnabla
\mitNu
\mitnu
\mitO
\mito
\mitOmega
\mitomega
\mitOmicron
\mitomicron
\mitP
\mitp
\mitpartial
\mitPhi
\mitphi
\mitPi
\mitpi
\mitPsi
\mitpsi
\mitQ
\mitq
\mitR
\mitr
\mitRho
\mitrho
\mitS
\mits
\mitsansA
\mitsansa
\mitsansB
\mitsansb
\mitsansC
\mitsansc
\mitsansD
\mitsansd
\mitsansE
\mitsanse
\mitsansF
\mitsansf
\mitsansG
\mitsansg
\mitsansH
\mitsansh
\mitsansI
\mitsansi
\mitsansJ
\mitsansj
\mitsansK
\mitsansk
\mitsansL
\mitsansl
\mitsansM
\mitsansm
\mitsansN
\mitsansn
\mitsansO
\mitsanso
\mitsansP
\mitsansp
\mitsansQ
\mitsansq
\mitsansR
\mitsansr
\mitsansS
\mitsanss
\mitsansT
\mitsanst
\mitsansU
\mitsansu
\mitsansV
\mitsansv
\mitsansW
\mitsansw
\mitsansX
\mitsansx
\mitsansY
\mitsansy
\mitsansZ
\mitsansz
\mitSigma
\mitsigma
\mitT
\mitt
\mitTau
\mittau
\mitTheta
\mittheta
\mitU
\mitu
\mitUpsilon
\mitupsilon
\mitV
\mitv
\mitvarepsilon
\mitvarkappa
\mitvarphi
\mitvarpi
\mitvarrho
\mitvarsigma
\mitvarTheta
\mitvartheta
\mitW
\mitw
\mitX
\mitx
\mitXi
\mitxi
\mitY
\mity
\mitZ
\mitz
\mitZeta
\mitzeta
\mlcp
\models
\modtwosum
\mp
\msansA
\msansa
\msansB
\msansb
\msansC
\msansc
\msansD
\msansd
\msansE
\msanse
\msanseight
\msansF
\msansf
\msansfive
\msansfour
\msansG
\msansg
\msansH
\msansh
\msansI
\msansi
\msansJ
\msansj
\msansK
\msansk
\msansL
\msansl
\msansM
\msansm
\msansN
\msansn
\msansnine
\msansO
\msanso
\msansone
\msansP
\msansp
\msansQ
\msansq
\msansR
\msansr
\msansS
\msanss
\msansseven
\msanssix
\msansT
\msanst
\msansthree
\msanstwo
\msansU
\msansu
\msansV
\msansv
\msansW
\msansw
\msansX
\msansx
\msansY
\msansy
\msansZ
\msansz
\msanszero
\mscrA
\mscra
\mscrB
\mscrb
\mscrC
\mscrc
\mscrD
\mscrd
\mscrE
\mscre
\mscrF
\mscrf
\mscrG
\mscrg
\mscrH
\mscrh
\mscrI
\mscri
\mscrJ
\mscrj
\mscrK
\mscrk
\mscrL
\mscrl
\mscrM
\mscrm
\mscrN
\mscrn
\mscrO
\mscro
\mscrP
\mscrp
\mscrQ
\mscrq
\mscrR
\mscrr
\mscrS
\mscrs
\mscrT
\mscrt
\mscrU
\mscru
\mscrV
\mscrv
\mscrW
\mscrw
\mscrX
\mscrx
\mscrY
\mscry
\mscrZ
\mscrz
\mttA
\mtta
\mttB
\mttb
\mttC
\mttc
\mttD
\mttd
\mttE
\mtte
\mtteight
\mttF
\mttf
\mttfive
\mttfour
\mttG
\mttg
\mttH
\mtth
\mttI
\mtti
\mttJ
\mttj
\mttK
\mttk
\mttL
\mttl
\mttM
\mttm
\mttN
\mttn
\mttnine
\mttO
\mtto
\mttone
\mttP
\mttp
\mttQ
\mttq
\mttR
\mttr
\mttS
\mtts
\mttseven
\mttsix
\mttT
\mttt
\mttthree
\mtttwo
\mttU
\mttu
\mttV
\mttv
\mttW
\mttw
\mttX
\mttx
\mttY
\mtty
\mttZ
\mttz
\mttzero
\multimap
\multimapinv
\nabla
\napprox
\nasymp
\natural
\ncong
\ne
\Nearrow
\nearrow
\neg
\neovnwarrow
\neovsearrow
\nequiv
\neswarrow
\neuter
\nexists
\ngeq
\ngtr
\ngtrless
\ngtrsim
\nHdownarrow
\nhpar
\nHuparrow
\nhVvert
\ni
\niobar
\nis
\nisd
\nLeftarrow
\nleftarrow
\nLeftrightarrow
\nleftrightarrow
\nleq
\nless
\nlessgtr
\nlesssim
\nmid
\nni
\Not
\not
\notin
\nparallel
\npolint
\nprec
\npreccurlyeq
\nRightarrow
\nrightarrow
\nsim
\nsime
\nsqsubseteq
\nsqsupseteq
\nsubset
\nsubseteq
\nsucc
\nsucccurlyeq
\nsupset
\nsupseteq
\ntriangleleft
\ntrianglelefteq
\ntriangleright
\ntrianglerighteq
\nVDash
\nVdash
\nvDash
\nvdash
\nvinfty
\nVleftarrow
\nvLeftarrow
\nvleftarrow
\nVleftarrowtail
\nvleftarrowtail
\nVleftrightarrow
\nvLeftrightarrow
\nvleftrightarrow
\nVrightarrow
\nvRightarrow
\nvrightarrow
\nVrightarrowtail
\nvrightarrowtail
\nVtwoheadleftarrow
\nvtwoheadleftarrow
\nVtwoheadleftarrowtail
\nvtwoheadleftarrowtail
\nVtwoheadrightarrow
\nvtwoheadrightarrow
\nVtwoheadrightarrowtail
\nvtwoheadrightarrowtail
\Nwarrow
\nwarrow
\nwovnearrow
\nwsearrow
\obar
\obot
\obrbrak
\obslash
\ocirc
\ocommatopright
\octothorpe
\odiv
\odot
\odotslashdot
\ogreaterthan
\oiiint
\oiint
\oint
\ointctrclockwise
\olcross
\olessthan
\ominus
\operp
\oplus
\opluslhrim
\oplusrhrim
\origof
\oslash
\Otimes
\otimes
\otimeshat
\otimeslhrim
\otimesrhrim
\oturnedcomma
\overbar
\overbrace
\overbracket
\overleftarrow
\overleftrightarrow
\overline
\overparen
\ovhook
\parallel
\parallelogram
\parallelogramblack
\parsim
\partial
\partialmeetcontraction
\pentagon
\pentagonblack
\percent
\period
\perp
\perps
\pitchfork
\Planckconst
\plus
\plusdot
\pluseqq
\plushat
\plussim
\plussubtwo
\plustrif
\pm
\pointint
\postalmark
\Prec
\prec
\precapprox
\preccurlyeq
\preceq
\preceqq
\precnapprox
\precneq
\precneqq
\precnsim
\precsim
\prime
\prod
\profline
\profsurf
\PropertyLine
\propto
\prurel
\pullback
\pushout
\QED
\qprime
\quarternote
\questeq
\Question
\question
\rAngle
\rangle
\rangledot
\rangledownzigzagarrow
\rbag
\rblkbrbrak
\rBrace
\rbrace
\rbracelend
\rbracemid
\rbraceuend
\rBrack
\rbrack
\rbrackextender
\rbracklend
\rbracklrtick
\rbrackubar
\rbrackuend
\rbrackurtick
\Rbrbrak
\Rbrbrak
\rbrbrak
\rbrbrak
\rceil
\rcurvyangle
\rdiagovfdiag
\rdiagovsearrow
\Rdsh
\Re
\revangle
\revangleubar
\revemptyset
\revnmid
\rfbowtie
\rfloor
\rftimes
\rightangle
\rightanglemdot
\rightanglesqr
\Rightarrow
\rightarrow
\rightarrowapprox
\rightarrowbackapprox
\rightarrowbar
\rightarrowbsimilar
\rightarrowdiamond
\rightarrowgtr
\rightarrowonoplus
\rightarrowplus
\rightarrowshortleftarrow
\rightarrowsimilar
\rightarrowsupset
\rightarrowtail
\rightarrowtriangle
\rightarrowx
\rightbkarrow
\rightcurvedarrow
\rightdasharrow
\rightdbltail
\rightdotarrow
\rightdowncurvedarrow
\rightfishtail
\rightharpoonaccent
\rightharpoondown
\rightharpoondownbar
\rightharpoonsupdown
\rightharpoonup
\rightharpoonupbar
\rightharpoonupdash
\rightimply
\rightleftarrows
\rightleftharpoons
\rightleftharpoonsdown
\rightleftharpoonsup
\rightmoon
\rightouterjoin
\rightpentagon
\rightpentagonblack
\rightrightarrows
\rightsquigarrow
\righttail
\rightthreearrows
\rightthreetimes
\rightwavearrow
\rightwhitearrow
\ringplus
\risingdotseq
\rmoustache
\rParen
\rparen
\rparenextender
\rparengtr
\rparenlend
\Rparenless
\rparenuend
\rppolint
\rrangle
\RRightarrow
\Rrightarrow
\rrparenthesis
\Rsh
\rsolbar
\rsqhook
\rsub
\rtimes
\rtriltri
\ruledelayed
\rvboxline
\Rvzigzag
\rvzigzag
\sansLmirrored
\sansLturned
\scpolint
\scurel
\Searrow
\searrow
\semicolon
\seovnearrow
\setminus
\sharp
\shortdowntack
\shortlefttack
\shortrightarrowleftarrow
\shortuptack
\shuffle
\sim
\simeq
\simgE
\simgtr
\similarleftarrow
\similarrightarrow
\simlE
\simless
\simminussim
\simneqq
\simplus
\simrdots
\sinewave
\slash
\smallblacktriangleleft
\smallblacktriangleright
\smallin
\smallni
\smallsetminus
\smalltriangleleft
\smalltriangleright
\smashtimes
\smblkcircle
\smblkdiamond
\smblklozenge
\smblksquare
\smeparsl
\smile
\smt
\smte
\smwhitestar
\smwhtcircle
\smwhtdiamond
\smwhtlozenge
\smwhtsquare
\spadesuit
\sphericalangle
\sphericalangleup
\Sqcap
\sqcap
\Sqcup
\sqcup
\sqint
\sqlozenge
\sqrt
\sqrtbottom
\sqsubset
\sqsubseteq
\sqsubsetneq
\sqsupset
\sqsupseteq
\sqsupsetneq
\squarebotblack
\squarecrossfill
\squarehfill
\squarehvfill
\squareleftblack
\squarellblack
\squarellquad
\squarelrblack
\squarelrquad
\squareneswfill
\squarenwsefill
\squarerightblack
\squaretopblack
\squareulblack
\squareulquad
\squareurblack
\squareurquad
\squarevfill
\squoval
\sslash
\star
\stareq
\sterling
\strns
\subedot
\submult
\subrarr
\Subset
\subset
\subsetapprox
\subsetcirc
\subsetdot
\subseteq
\subseteqq
\subsetneq
\subsetneqq
\subsetplus
\subsim
\subsub
\subsup
\Succ
\succ
\succapprox
\succcurlyeq
\succeq
\succeqq
\succnapprox
\succneq
\succneqq
\succnsim
\succsim
\sum
\sumbottom
\sumint
\sumtop
\sun
\supdsub
\supedot
\suphsol
\suphsub
\suplarr
\supmult
\Supset
\supset
\supsetapprox
\supsetcirc
\supsetdot
\supseteq
\supseteqq
\supsetneq
\supsetneqq
\supsetplus
\supsim
\supsub
\supsup
\Swarrow
\swarrow
\talloblong
\therefore
\thermod
\threedangle
\threedotcolon
\threeunderdot
\tieconcat
\tieinfty
\tilde
\times
\timesbar
\tminus
\toea
\tona
\top
\topbot
\topcir
\topfork
\topsemicircle
\tosa
\towa
\tplus
\trapezium
\trianglecdot
\triangledown
\triangleleft
\triangleleftblack
\trianglelefteq
\triangleminus
\triangleodot
\triangleplus
\triangleq
\triangleright
\trianglerightblack
\trianglerighteq
\triangles
\triangleserifs
\triangletimes
\triangleubar
\tripleplus
\trprime
\trslash
\turnangle
\turnediota
\turnednot
\twocaps
\twocups
\twoheaddownarrow
\twoheadleftarrow
\twoheadleftarrowtail
\twoheadleftdbkarrow
\twoheadmapsfrom
\twoheadmapsto
\twoheadrightarrow
\twoheadrightarrowtail
\twoheaduparrow
\twoheaduparrowcircle
\twolowline
\twonotes
\typecolon
\ubrbrak
\ularc
\ulblacktriangle
\ulcorner
\ultriangle
\uminus
\underbar
\underbrace
\underbracket
\underleftarrow
\underleftharpoondown
\underparen
\underrightarrow
\underrightharpoondown
\unicodecdots
\unicodeellipsis
\upAlpha
\upalpha
\upand
\Uparrow
\uparrow
\uparrowbarred
\uparrowoncircle
\upbackepsilon
\upBeta
\upbeta
\upChi
\upchi
\updasharrow
\upDelta
\updelta
\upDigamma
\updigamma
\Updownarrow
\updownarrow
\updownarrowbar
\updownarrows
\updownharpoonleftleft
\updownharpoonleftright
\updownharpoonrightleft
\updownharpoonrightright
\updownharpoonsleftright
\upEpsilon
\upepsilon
\upEta
\upeta
\upfishtail
\upGamma
\upgamma
\upharpoonleft
\upharpoonleftbar
\upharpoonright
\upharpoonrightbar
\upharpoonsleftright
\upin
\upint
\upIota
\upiota
\upKappa
\upkappa
\upKoppa
\upkoppa
\upLambda
\uplambda
\uplus
\upMu
\upmu
\upNu
\upnu
\upoldKoppa
\upoldkoppa
\upOmega
\upomega
\upOmicron
\upomicron
\upPhi
\upphi
\upPi
\uppi
\upPsi
\uppsi
\upRho
\uprho
\uprightcurvearrow
\upSampi
\upsampi
\upSigma
\upsigma
\upStigma
\upstigma
\upTau
\uptau
\upTheta
\uptheta
\upuparrows
\upUpsilon
\upUpsilon
\upupsilon
\upvarbeta
\upvarepsilon
\upvarkappa
\upvarphi
\upvarpi
\upvarrho
\upvarsigma
\upvarTheta
\upvartheta
\upwhitearrow
\upXi
\upxi
\upZeta
\upzeta
\urarc
\urblacktriangle
\urcorner
\urtriangle
\UUparrow
\Uuparrow
\varbarwedge
\varcarriagereturn
\varclubsuit
\vardiamondsuit
\vardoublebarwedge
\varheartsuit
\varhexagon
\varhexagonblack
\varhexagonlrbonds
\varisinobar
\varisins
\varlrtriangle
\varniobar
\varnis
\varnothing
\varointclockwise
\varspadesuit
\varstar
\vartriangle
\vartriangleleft
\vartriangleright
\varVdash
\varveebar
\Vbar
\vBar
\vBarv
\vbraceextender
\vbrtri
\VDash
\Vdash
\vDash
\vdash
\vDdash
\vdots
\vec
\vectimes
\Vee
\vee
\veebar
\veedot
\veedoublebar
\veeeq
\veemidvert
\veeodot
\veeonvee
\veeonwedge
\Vert
\vert
\vertoverlay
\viewdata
\vlongdash
\vrectangle
\vrectangleblack
\Vvdash
\Vvert
\vysmblkcircle
\vysmblksquare
\vysmwhtcircle
\vysmwhtsquare
\vzigzag
\Wedge
\wedge
\wedgebar
\wedgedot
\wedgedoublebar
\wedgemidvert
\wedgeodot
\wedgeonwedge
\wedgeq
\whitearrowupfrombar
\whiteinwhitetriangle
\whitepointerleft
\whitepointerright
\whitesquaretickleft
\whitesquaretickright
\whthorzoval
\whtvertoval
\wideangledown
\wideangleup
\widebridgeabove
\wideutilde
\wp
\wr
\xbsol
\xsol
\yen
\Yup
\Zbar
\zcmp
\zpipe
\zproject
